Component: ARM Compiler 5.05 update 2 (build 169) Tool: armlink [4d0f33]

==============================================================================

Section Cross References

    startup_stm32f10x_hd.o(STACK) refers (Special) to heapauxi.o(.text) for __use_two_region_memory
    startup_stm32f10x_hd.o(HEAP) refers (Special) to heapauxi.o(.text) for __use_two_region_memory
    startup_stm32f10x_hd.o(RESET) refers (Special) to heapauxi.o(.text) for __use_two_region_memory
    startup_stm32f10x_hd.o(RESET) refers to startup_stm32f10x_hd.o(STACK) for __initial_sp
    startup_stm32f10x_hd.o(RESET) refers to startup_stm32f10x_hd.o(.text) for Reset_Handler
    startup_stm32f10x_hd.o(RESET) refers to stm32f10x_it.o(.text) for WWDG_IRQHandler
    startup_stm32f10x_hd.o(.text) refers (Special) to heapauxi.o(.text) for __use_two_region_memory
    startup_stm32f10x_hd.o(.text) refers to system_stm32f10x.o(.text) for SystemInit
    startup_stm32f10x_hd.o(.text) refers to __main.o(!!!main) for __main
    startup_stm32f10x_hd.o(.text) refers to startup_stm32f10x_hd.o(HEAP) for Heap_Mem
    startup_stm32f10x_hd.o(.text) refers to startup_stm32f10x_hd.o(STACK) for Stack_Mem
    main.o(.text) refers to stm32f10x_gpio.o(.text) for GPIO_Init
    main.o(.text) refers to misc.o(.text) for NVIC_PriorityGroupConfig
    main.o(.text) refers to system_stm32f10x.o(.text) for SystemInit
    main.o(.text) refers to stm32f10x_rcc.o(.text) for RCC_APB2PeriphClockCmd
    main.o(.text) refers to tim.o(.text) for Time_init
    main.o(.text) refers to mcp.o(.text) for MCP_I2C_Init
    main.o(.text) refers to fsmc_sram.o(.text) for FSMC_LCD_Init
    main.o(.text) refers to lcddrv.o(.text) for LCD_Init_SD
    main.o(.text) refers to gt9147.o(.text) for GT9147_Init
    main.o(.text) refers to ad.o(.text) for ADC_Configuration
    main.o(.text) refers to sd_card.o(.text) for SD_TEST
    main.o(.text) refers to mysystem.o(.text) for SysInit
    main.o(.text) refers to main.o(.data) for Page
    main.o(.text) refers to gt9147.o(.bss) for TP_P
    gt9147.o(.text) refers to stm32f10x_gpio.o(.text) for GPIO_Init
    gt9147.o(.text) refers to gti2c.o(.text) for GT_I2C_Start
    gt9147.o(.text) refers to gt9147.o(.bss) for TP_P
    gti2c.o(.text) refers to gt9147.o(.text) for delay_us
    gti2c.o(.text) refers to stm32f10x_gpio.o(.text) for GPIO_Init
    stm32f10x_it.o(.text) refers to stm32f10x_tim.o(.text) for TIM_GetITStatus
    stm32f10x_it.o(.text) refers to stm32f10x_gpio.o(.text) for GPIO_SetBits
    stm32f10x_it.o(.text) refers to lcddrv.o(.text) for FillColor
    stm32f10x_it.o(.text) refers to stm32f10x_it.o(.data) for capture2
    stm32f10x_it.o(.text) refers to main.o(.data) for TimCount
    stm32f10x_it.o(.text) refers to mysystem.o(.bss) for Frequency
    stm32f10x_it.o(.text) refers to lcddrv.o(.data) for POINT_COLOR
    stm32f10x_it.o(.text) refers to ad.o(.data) for ADC_ConvertedValue
    stm32f10x_tim.o(.text) refers to stm32f10x_rcc.o(.text) for RCC_APB2PeriphResetCmd
    tim.o(.text) refers to stm32f10x_rcc.o(.text) for RCC_APB1PeriphClockCmd
    tim.o(.text) refers to stm32f10x_tim.o(.text) for TIM_TimeBaseInit
    tim.o(.text) refers to tim.o(.bss) for TIM3_TimeBaseStructure
    sd_card.o(.text) refers to ff.o(.text) for f_read
    sd_card.o(.text) refers to rt_memclr_w.o(.text) for __aeabi_memclr4
    sd_card.o(.text) refers to diskio.o(.text) for disk_initialize
    sd_card.o(.text) refers to strstr.o(.text) for strstr
    sd_card.o(.text) refers to tjpgd.o(.text) for jd_prepare
    sd_card.o(.text) refers to lcddrv.o(.text) for Delay
    sd_card.o(.text) refers to sdio_sdcard.o(.text) for SD_Init
    sd_card.o(.text) refers to sd_card.o(.data) for MaskR
    sd_card.o(.text) refers to sd_card.o(.bss) for fs
    diskio.o(.text) refers to sdio_sdcard.o(.text) for SD_ReadBlock
    ff.o(.text) refers to diskio.o(.text) for disk_write
    ff.o(.text) refers to ff.o(.data) for FatFs
    tjpgd.o(.text) refers to tjpgd.o(.constdata) for Zig
    sdio_sdcard.o(.text) refers to stm32f10x_sdio.o(.text) for SDIO_ClockCmd
    sdio_sdcard.o(.text) refers to stm32f10x_rcc.o(.text) for RCC_AHBPeriphClockCmd
    sdio_sdcard.o(.text) refers to stm32f10x_gpio.o(.text) for GPIO_Init
    sdio_sdcard.o(.text) refers to stm32f10x_dma.o(.text) for DMA_ClearFlag
    sdio_sdcard.o(.text) refers to sdio_sdcard.o(.data) for DeviceMode
    sdio_sdcard.o(.text) refers to sdio_sdcard.o(.bss) for SDIO_CmdInitStructure
    sdio_sdcard.o(.text) refers to sd_card.o(.bss) for SDCardInfo
    mcp.o(.text) refers to stm32f10x_gpio.o(.text) for GPIO_Init
    ad.o(.text) refers to stm32f10x_gpio.o(.text) for GPIO_Init
    ad.o(.text) refers to stm32f10x_rcc.o(.text) for RCC_AHBPeriphClockCmd
    ad.o(.text) refers to stm32f10x_dma.o(.text) for DMA_DeInit
    ad.o(.text) refers to stm32f10x_adc.o(.text) for ADC_Init
    ad.o(.text) refers to ad.o(.data) for ADC_ConvertedValue
    stm32f10x_gpio.o(.text) refers to stm32f10x_rcc.o(.text) for RCC_APB2PeriphResetCmd
[...]
    user\diskio.c                            0x00000000   Number         0  diskio.o ABSOLUTE
    user\ff.c                                0x00000000   Number         0  ff.o ABSOLUTE
    user\gt9147.c                            0x00000000   Number         0  gt9147.o ABSOLUTE
    user\gti2c.c                             0x00000000   Number         0  gti2c.o ABSOLUTE
    user\main.c                              0x00000000   Number         0  main.o ABSOLUTE
    user\sdio_sdcard.c                       0x00000000   Number         0  sdio_sdcard.o ABSOLUTE
    user\stm32f10x_it.c                      0x00000000   Number         0  stm32f10x_it.o ABSOLUTE
    user\stm32f10x_tim.c                     0x00000000   Number         0  stm32f10x_tim.o ABSOLUTE
    user\tjpgd.c                             0x00000000   Number         0  tjpgd.o ABSOLUTE
    RESET                                    0x08000000   Section      304  startup_stm32f10x_hd.o(RESET)
    !!!main                                  0x08000130   Section        8  __main.o(!!!main)
    !!!scatter                               0x08000138   Section       52  __scatter.o(!!!scatter)
    !!handler_copy                           0x0800016c   Section       26  __scatter_copy.o(!!handler_copy)
    !!handler_zi                             0x08000188   Section       28  __scatter_zi.o(!!handler_zi)
    .ARM.Collect$$libinit$$00000000          0x080001a4   Section        2  libinit.o(.ARM.Collect$$libinit$$00000000)
    .ARM.Collect$$libinit$$00000002          0x080001a6   Section        0  libinit2.o(.ARM.Collect$$libinit$$00000002)
    .ARM.Collect$$libinit$$00000004          0x080001a6   Section        0  libinit2.o(.ARM.Collect$$libinit$$00000004)
    .ARM.Collect$$libinit$$0000000A          0x080001a6   Section        0  libinit2.o(.ARM.Collect$$libinit$$0000000A)
    .ARM.Collect$$libinit$$0000000C          0x080001a6   Section        0  libinit2.o(.ARM.Collect$$libinit$$0000000C)
    .ARM.Collect$$libinit$$0000000E          0x080001a6   Section        0  libinit2.o(.ARM.Collect$$libinit$$0000000E)
    .ARM.Collect$$libinit$$00000011          0x080001a6   Section        0  libinit2.o(.ARM.Collect$$libinit$$00000011)
    .ARM.Collect$$libinit$$00000013          0x080001a6   Section        0  libinit2.o(.ARM.Collect$$libinit$$00000013)
    .ARM.Collect$$libinit$$00000015          0x080001a6   Section        0  libinit2.o(.ARM.Collect$$libinit$$00000015)
    .ARM.Collect$$libinit$$00000017          0x080001a6   Section        0  libinit2.o(.ARM.Collect$$libinit$$00000017)
    .ARM.Collect$$libinit$$00000019          0x080001a6   Section        0  libinit2.o(.ARM.Collect$$libinit$$00000019)
    .ARM.Collect$$libinit$$0000001B          0x080001a6   Section        0  libinit2.o(.ARM.Collect$$libinit$$0000001B)
    .ARM.Collect$$libinit$$0000001D          0x080001a6   Section        0  libinit2.o(.ARM.Collect$$libinit$$0000001D)
    .ARM.Collect$$libinit$$0000001F          0x080001a6   Section        0  libinit2.o(.ARM.Collect$$libinit$$0000001F)
    .ARM.Collect$$libinit$$00000021          0x080001a6   Section        0  libinit2.o(.ARM.Collect$$libinit$$00000021)
    .ARM.Collect$$libinit$$00000023          0x080001a6   Section        0  libinit2.o(.ARM.Collect$$libinit$$00000023)
    .ARM.Collect$$libinit$$00000025          0x080001a6   Section        0  libinit2.o(.ARM.Collect$$libinit$$00000025)
    .ARM.Collect$$libinit$$0000002C          0x080001a6   Section        0  libinit2.o(.ARM.Collect$$libinit$$0000002C)
    .ARM.Collect$$libinit$$0000002E          0x080001a6   Section        0  libinit2.o(.ARM.Collect$$libinit$$0000002E)
    .ARM.Collect$$libinit$$00000030          0x080001a6   Section        0  libinit2.o(.ARM.Collect$$libinit$$00000030)
    .ARM.Collect$$libinit$$00000032          0x080001a6   Section        0  libinit2.o(.ARM.Collect$$libinit$$00000032)
    .ARM.Collect$$libinit$$00000033          0x080001a6   Section        2  libinit2.o(.ARM.Collect$$libinit$$00000033)
    .ARM.Collect$$libshutdown$$00000000      0x080001a8   Section        2  libshutdown.o(.ARM.Collect$$libshutdown$$00000000)
    .ARM.Collect$$libshutdown$$00000003      0x080001aa   Section        0  libshutdown2.o(.ARM.Collect$$libshutdown$$00000003)
    .ARM.Collect$$libshutdown$$00000006      0x080001aa   Section        0  libshutdown2.o(.ARM.Collect$$libshutdown$$00000006)
    .ARM.Collect$$libshutdown$$00000009      0x080001aa   Section        0  libshutdown2.o(.ARM.Collect$$libshutdown$$00000009)
    .ARM.Collect$$libshutdown$$0000000B      0x080001aa   Section        0  libshutdown2.o(.ARM.Collect$$libshutdown$$0000000B)
    .ARM.Collect$$libshutdown$$0000000E      0x080001aa   Section        0  libshutdown2.o(.ARM.Collect$$libshutdown$$0000000E)
    .ARM.Collect$$libshutdown$$0000000F      0x080001aa   Section        2  libshutdown2.o(.ARM.Collect$$libshutdown$$0000000F)
    .ARM.Collect$$rtentry$$00000000          0x080001ac   Section        0  __rtentry.o(.ARM.Collect$$rtentry$$00000000)
    .ARM.Collect$$rtentry$$00000002          0x080001ac   Section        0  __rtentry2.o(.ARM.Collect$$rtentry$$00000002)
    .ARM.Collect$$rtentry$$00000004          0x080001ac   Section        6  __rtentry4.o(.ARM.Collect$$rtentry$$00000004)
    .ARM.Collect$$rtentry$$00000009          0x080001b2   Section        0  __rtentry2.o(.ARM.Collect$$rtentry$$00000009)
    .ARM.Collect$$rtentry$$0000000A          0x080001b2   Section        4  __rtentry2.o(.ARM.Collect$$rtentry$$0000000A)
    .ARM.Collect$$rtentry$$0000000C          0x080001b6   Section        0  __rtentry2.o(.ARM.Collect$$rtentry$$0000000C)
    .ARM.Collect$$rtentry$$0000000D          0x080001b6   Section        8  __rtentry2.o(.ARM.Collect$$rtentry$$0000000D)
    .ARM.Collect$$rtexit$$00000000           0x080001be   Section        2  rtexit.o(.ARM.Collect$$rtexit$$00000000)
    .ARM.Collect$$rtexit$$00000002           0x080001c0   Section        0  rtexit2.o(.ARM.Collect$$rtexit$$00000002)
    .ARM.Collect$$rtexit$$00000003           0x080001c0   Section        4  rtexit2.o(.ARM.Collect$$rtexit$$00000003)
    .ARM.Collect$$rtexit$$00000004           0x080001c4   Section        6  rtexit2.o(.ARM.Collect$$rtexit$$00000004)
    .text                                    0x080001cc   Section       64  startup_stm32f10x_hd.o(.text)
    .text                                    0x0800020c   Section        0  main.o(.text)
    .text                                    0x0800057c   Section        0  gt9147.o(.text)
    .text                                    0x08000748   Section        0  gti2c.o(.text)
    .text                                    0x0800093c   Section        0  stm32f10x_it.o(.text)
    .text                                    0x08000e44   Section        0  stm32f10x_tim.o(.text)
    TI4_Config                               0x080012eb   Thumb Code   130  stm32f10x_tim.o(.text)
    TI3_Config                               0x0800137f   Thumb Code   122  stm32f10x_tim.o(.text)
    TI2_Config                               0x08001413   Thumb Code   130  stm32f10x_tim.o(.text)
    TI1_Config                               0x080014a7   Thumb Code   108  stm32f10x_tim.o(.text)
    .text                                    0x08001c60   Section        0  tim.o(.text)
    .text                                    0x08001d38   Section        0  sd_card.o(.text)
    .text                                    0x0800214c   Section        0  diskio.o(.text)
    .text                                    0x080021a4   Section        0  ff.o(.text)
    mem_cpy                                  0x080021a5   Thumb Code    26  ff.o(.text)
    mem_set                                  0x080021bf   Thumb Code    20  ff.o(.text)
    mem_cmp                                  0x080021d3   Thumb Code    38  ff.o(.text)
    chk_chr                                  0x080021f9   Thumb Code    20  ff.o(.text)
    move_window                              0x0800220d   Thumb Code   114  ff.o(.text)
    sync                                     0x0800227f   Thumb Code   202  ff.o(.text)
    remove_chain                             0x0800257d   Thumb Code   104  ff.o(.text)
    create_chain                             0x080025e5   Thumb Code   202  ff.o(.text)
    dir_sdi                                  0x080026af   Thumb Code   156  ff.o(.text)
    dir_next                                 0x0800274b   Thumb Code   280  ff.o(.text)
    ld_clust                                 0x08002863   Thumb Code    32  ff.o(.text)
    st_clust                                 0x08002883   Thumb Code    16  ff.o(.text)
    dir_find                                 0x08002893   Thumb Code    92  ff.o(.text)
    dir_read                                 0x080028ef   Thumb Code    86  ff.o(.text)
    dir_register                             0x08002945   Thumb Code   110  ff.o(.text)
    dir_remove                               0x080029b3   Thumb Code    44  ff.o(.text)
    create_name                              0x080029df   Thumb Code   262  ff.o(.text)
    get_fileinfo                             0x08002ae5   Thumb Code   152  ff.o(.text)
    follow_path                              0x08002b7d   Thumb Code   146  ff.o(.text)
    check_fs                                 0x08002c0f   Thumb Code   138  ff.o(.text)
    chk_mounted                              0x08002c99   Thumb Code   932  ff.o(.text)
    validate                                 0x0800303d   Thumb Code    52  ff.o(.text)
    .text                                    0x08003ebc   Section        0  tjpgd.o(.text)
    alloc_pool                               0x08003ebd   Thumb Code    30  tjpgd.o(.text)
    create_qt_tbl                            0x08003edb   Thumb Code   108  tjpgd.o(.text)
    create_huffman_tbl                       0x08003f47   Thumb Code   308  tjpgd.o(.text)
    bitext                                   0x0800407b   Thumb Code   144  tjpgd.o(.text)
    huffext                                  0x0800410b   Thumb Code   192  tjpgd.o(.text)
    block_idct                               0x080041cb   Thumb Code   686  tjpgd.o(.text)
    mcu_load                                 0x08004479   Thumb Code   476  tjpgd.o(.text)
    mcu_output                               0x08004655   Thumb Code   924  tjpgd.o(.text)
    restart                                  0x080049f1   Thumb Code   112  tjpgd.o(.text)
    .text                                    0x08004ea0   Section        0  sdio_sdcard.o(.text)
    CmdResp1Error                            0x08005015   Thumb Code   302  sdio_sdcard.o(.text)
    FindSCR                                  0x08005143   Thumb Code   446  sdio_sdcard.o(.text)
    SDEnWideBus                              0x08005301   Thumb Code   284  sdio_sdcard.o(.text)
    CmdResp2Error                            0x080057b3   Thumb Code    70  sdio_sdcard.o(.text)
    CmdResp6Error                            0x080057f9   Thumb Code   152  sdio_sdcard.o(.text)
    CmdResp3Error                            0x080059bd   Thumb Code    52  sdio_sdcard.o(.text)
    CmdResp7Error                            0x080059f1   Thumb Code    72  sdio_sdcard.o(.text)
    CmdError                                 0x08005a39   Thumb Code    44  sdio_sdcard.o(.text)
    convert_from_bytes_to_power_of_two       0x08005d39   Thumb Code    18  sdio_sdcard.o(.text)
    IsCardProgramming                        0x080062a3   Thumb Code   450  sdio_sdcard.o(.text)
    .text                                    0x08007154   Section        0  stm32f10x_dma.o(.text)
    .text                                    0x080073a8   Section        0  stm32f10x_sdio.o(.text)
    .text                                    0x0800757c   Section        0  mcp.o(.text)
    .text                                    0x080077ec   Section        0  ad.o(.text)
    .text                                    0x080078ec   Section        0  stm32f10x_fsmc.o(.text)
    .text                                    0x08007ef8   Section        0  stm32f10x_gpio.o(.text)
    .text                                    0x08008254   Section        0  stm32f10x_rcc.o(.text)
    .text                                    0x080085f8   Section        0  misc.o(.text)
    .text                                    0x080086d4   Section        0  stm32f10x_adc.o(.text)
    .text                                    0x08008b24   Section        0  fsmc_sram.o(.text)
    .text                                    0x08008c1c   Section        0  lcddrv.o(.text)
    .text                                    0x08009104   Section        0  system_stm32f10x.o(.text)
    SetSysClockTo72                          0x08009105   Thumb Code   214  system_stm32f10x.o(.text)
    SetSysClock                              0x080091db   Thumb Code     8  system_stm32f10x.o(.text)
    .text                                    0x080092e4   Section        0  mysystem.o(.text)
    .text                                    0x08009db0   Section        0  strstr.o(.text)
    .text                                    0x08009dd4   Section       78  rt_memclr_w.o(.text)
    .text                                    0x08009e22   Section        0  heapauxi.o(.text)
    .text                                    0x08009e28   Section       74  sys_stackheap_outer.o(.text)
    .text                                    0x08009e72   Section        0  exit.o(.text)
    .text                                    0x08009e80   Section        8  libspace.o(.text)
    .text                                    0x08009e88   Section        0  sys_exit.o(.text)
    .text                                    0x08009e94   Section        2  use_no_semi.o(.text)
    .constdata                               0x08009e96   Section     1216  tjpgd.o(.constdata)
    .text                                    0x08009e96   Section        0  indicate_semi.o(.text)
    Zig                                      0x08009e96   Data          64  tjpgd.o(.constdata)
    Ipsf                                     0x08009ed6   Data         128  tjpgd.o(.constdata)
    Clip8                                    0x08009f56   Data        1024  tjpgd.o(.constdata)
    .constdata                               0x0800a356   Section     2660  lcddrv.o(.constdata)
    .data                                    0x20000000   Section        5  main.o(.data)
    .data                                    0x20000008   Section       60  stm32f10x_it.o(.data)
    i1                                       0x20000020   Data           4  stm32f10x_it.o(.data)
    j1                                       0x20000024   Data           4  stm32f10x_it.o(.data)
    i2                                       0x20000028   Data           4  stm32f10x_it.o(.data)
    j2                                       0x2000002c   Data           4  stm32f10x_it.o(.data)
    i3                                       0x20000030   Data           4  stm32f10x_it.o(.data)
    j3                                       0x20000034   Data           4  stm32f10x_it.o(.data)
    i4                                       0x20000038   Data           4  stm32f10x_it.o(.data)
    j4                                       0x2000003c   Data           4  stm32f10x_it.o(.data)
    TimCount_AD                              0x20000040   Data           4  stm32f10x_it.o(.data)
    .data                                    0x20000044   Section       32  sd_card.o(.data)
    MaskT                                    0x20000048   Data           4  sd_card.o(.data)
    MaskL                                    0x2000004c   Data           4  sd_card.o(.data)
    MaskR                                    0x20000050   Data           4  sd_card.o(.data)
    MaskB                                    0x20000054   Data           4  sd_card.o(.data)
    .data                                    0x20000064   Section        6  ff.o(.data)
    FatFs                                    0x20000064   Data           4  ff.o(.data)
    Fsid                                     0x20000068   Data           2  ff.o(.data)
    .data                                    0x2000006c   Section       40  sdio_sdcard.o(.data)
    CardType                                 0x2000006c   Data           4  sdio_sdcard.o(.data)
    RCA                                      0x20000070   Data           4  sdio_sdcard.o(.data)
    DeviceMode                               0x20000074   Data           4  sdio_sdcard.o(.data)
    TotalNumberOfBytes                       0x20000078   Data           4  sdio_sdcard.o(.data)
    StopCondition                            0x2000007c   Data           4  sdio_sdcard.o(.data)
    .data                                    0x20000094   Section        2  ad.o(.data)
    .data                                    0x20000096   Section       20  stm32f10x_rcc.o(.data)
    APBAHBPrescTable                         0x20000096   Data          16  stm32f10x_rcc.o(.data)
    ADCPrescTable                            0x200000a6   Data           4  stm32f10x_rcc.o(.data)
    .data                                    0x200000ac   Section       40  lcddrv.o(.data)
    .data                                    0x200000d4   Section       20  system_stm32f10x.o(.data)
    .data                                    0x200000e8   Section       12  mysystem.o(.data)
    .bss                                     0x200000f4   Section       20  gt9147.o(.bss)
    .bss                                     0x20000108   Section       88  tim.o(.bss)
    .bss                                     0x20000160   Section    14148  sd_card.o(.bss)
    .bss                                     0x200038a4   Section      100  sdio_sdcard.o(.bss)
    CSD_Tab                                  0x200038a4   Data          16  sdio_sdcard.o(.bss)
    CID_Tab                                  0x200038b4   Data          16  sdio_sdcard.o(.bss)
    .bss                                     0x20003908   Section       64  mysystem.o(.bss)
    .bss                                     0x20003948   Section       96  libspace.o(.bss)
    HEAP                                     0x200039a8   Section      512  startup_stm32f10x_hd.o(HEAP)
    Heap_Mem                                 0x200039a8   Data         512  startup_stm32f10x_hd.o(HEAP)
    STACK                                    0x20003ba8   Section     1024  startup_stm32f10x_hd.o(STACK)
    Stack_Mem                                0x20003ba8   Data        1024  startup_stm32f10x_hd.o(STACK)
    __initial_sp                             0x20003fa8   Data           0  startup_stm32f10x_hd.o(STACK)

    Global Symbols

    Symbol Name                              Value     Ov Type        Size  Object(Section)

    BuildAttributes$$THM_ISAv4$P$D$K$B$S$PE$A:L22UL41UL21$X:L11$S22US41US21$IEEE1$IW$USESV6$~STKCKD$USESV7$~SHL$OSPACE$ROPI$EBA8$UX$STANDARDLIB$REQ8$PRES8$EABIv2 0x00000000   Number         0  anon$$obj.o ABSOLUTE
    __ARM_use_no_argv                        0x00000000   Number         0  main.o ABSOLUTE
    __ARM_exceptions_init                     - Undefined Weak Reference
    __alloca_initialize                       - Undefined Weak Reference
    __arm_preinit_                            - Undefined Weak Reference
    __cpp_initialize__aeabi_                  - Undefined Weak Reference
    __cxa_finalize                            - Undefined Weak Reference
    __rt_locale                               - Undefined Weak Reference
    __sigvec_lookup                           - Undefined Weak Reference
    _atexit_init                              - Undefined Weak Reference
    _call_atexit_fns                          - Undefined Weak Reference
    _clock_init                               - Undefined Weak Reference
    _fp_trap_init                             - Undefined Weak Reference
    _fp_trap_shutdown                         - Undefined Weak Reference
    _get_lc_collate                           - Undefined Weak Reference
    _get_lc_ctype                             - Undefined Weak Reference
    _get_lc_monetary                          - Undefined Weak Reference
    _get_lc_numeric                           - Undefined Weak Reference
    _get_lc_time                              - Undefined Weak Reference
    _getenv_init                              - Undefined Weak Reference
    _handle_redirection                       - Undefined Weak Reference
    _init_alloc                               - Undefined Weak Reference
    _init_user_alloc                          - Undefined Weak Reference
    _initio                                   - Undefined Weak Reference
    _rand_init                                - Undefined Weak Reference
    _signal_finish                            - Undefined Weak Reference
    _signal_init                              - Undefined Weak Reference
    _terminate_alloc                          - Undefined Weak Reference
    _terminate_user_alloc                     - Undefined Weak Reference
    _terminateio                              - Undefined Weak Reference
    __Vectors_Size                           0x00000130   Number         0  startup_stm32f10x_hd.o ABSOLUTE
    __Vectors                                0x08000000   Data           4  startup_stm32f10x_hd.o(RESET)
    __Vectors_End                            0x08000130   Data           0  startup_stm32f10x_hd.o(RESET)
    __main                                   0x08000131   Thumb Code     8  __main.o(!!!main)
    __scatterload                            0x08000139   Thumb Code     0  __scatter.o(!!!scatter)
    __scatterload_rt2                        0x08000139   Thumb Code    44  __scatter.o(!!!scatter)
    __scatterload_rt2_thumb_only             0x08000139   Thumb Code     0  __scatter.o(!!!scatter)
    __scatterload_null                       0x08000147   Thumb Code     0  __scatter.o(!!!scatter)
    __scatterload_copy                       0x0800016d   Thumb Code    26  __scatter_copy.o(!!handler_copy)
    __scatterload_zeroinit                   0x08000189   Thumb Code    28  __scatter_zi.o(!!handler_zi)
    __rt_lib_init                            0x080001a5   Thumb Code     0  libinit.o(.ARM.Collect$$libinit$$00000000)
    __rt_lib_init_alloca_1                   0x080001a7   Thumb Code     0  libinit2.o(.ARM.Collect$$libinit$$0000002E)
    __rt_lib_init_argv_1                     0x080001a7   Thumb Code     0  libinit2.o(.ARM.Collect$$libinit$$0000002C)
    __rt_lib_init_atexit_1                   0x080001a7   Thumb Code     0  libinit2.o(.ARM.Collect$$libinit$$0000001B)
    __rt_lib_init_clock_1                    0x080001a7   Thumb Code     0  libinit2.o(.ARM.Collect$$libinit$$00000021)
    __rt_lib_init_cpp_1                      0x080001a7   Thumb Code     0  libinit2.o(.ARM.Collect$$libinit$$00000032)
    __rt_lib_init_exceptions_1               0x080001a7   Thumb Code     0  libinit2.o(.ARM.Collect$$libinit$$00000030)
    __rt_lib_init_fp_1                       0x080001a7   Thumb Code     0  libinit2.o(.ARM.Collect$$libinit$$00000002)
    __rt_lib_init_fp_trap_1                  0x080001a7   Thumb Code     0  libinit2.o(.ARM.Collect$$libinit$$0000001F)
    __rt_lib_init_getenv_1                   0x080001a7   Thumb Code     0  libinit2.o(.ARM.Collect$$libinit$$00000023)
    __rt_lib_init_heap_1                     0x080001a7   Thumb Code     0  libinit2.o(.ARM.Collect$$libinit$$0000000A)
    __rt_lib_init_lc_collate_1               0x080001a7   Thumb Code     0  libinit2.o(.ARM.Collect$$libinit$$00000011)
    __rt_lib_init_lc_ctype_1                 0x080001a7   Thumb Code     0  libinit2.o(.ARM.Collect$$libinit$$00000013)
    __rt_lib_init_lc_monetary_1              0x080001a7   Thumb Code     0  libinit2.o(.ARM.Collect$$libinit$$00000015)
    __rt_lib_init_lc_numeric_1               0x080001a7   Thumb Code     0  libinit2.o(.ARM.Collect$$libinit$$00000017)
    __rt_lib_init_lc_time_1                  0x080001a7   Thumb Code     0  libinit2.o(.ARM.Collect$$libinit$$00000019)
    __rt_lib_init_preinit_1                  0x080001a7   Thumb Code     0  libinit2.o(.ARM.Collect$$libinit$$00000004)
    __rt_lib_init_rand_1                     0x080001a7   Thumb Code     0  libinit2.o(.ARM.Collect$$libinit$$0000000E)
    __rt_lib_init_return                     0x080001a7   Thumb Code     0  libinit2.o(.ARM.Collect$$libinit$$00000033)
    __rt_lib_init_signal_1                   0x080001a7   Thumb Code     0  libinit2.o(.ARM.Collect$$libinit$$0000001D)
    __rt_lib_init_stdio_1                    0x080001a7   Thumb Code     0  libinit2.o(.ARM.Collect$$libinit$$00000025)
    __rt_lib_init_user_alloc_1               0x080001a7   Thumb Code     0  libinit2.o(.ARM.Collect$$libinit$$0000000C)
    __rt_lib_shutdown                        0x080001a9   Thumb Code     0  libshutdown.o(.ARM.Collect$$libshutdown$$00000000)
    __rt_lib_shutdown_fp_trap_1              0x080001ab   Thumb Code     0  libshutdown2.o(.ARM.Collect$$libshutdown$$00000006)
    __rt_lib_shutdown_heap_1                 0x080001ab   Thumb Code     0  libshutdown2.o(.ARM.Collect$$libshutdown$$0000000E)
    __rt_lib_shutdown_return                 0x080001ab   Thumb Code     0  libshutdown2.o(.ARM.Collect$$libshutdown$$0000000F)
    __rt_lib_shutdown_signal_1               0x080001ab   Thumb Code     0  libshutdown2.o(.ARM.Collect$$libshutdown$$00000009)
    __rt_lib_shutdown_stdio_1                0x080001ab   Thumb Code     0  libshutdown2.o(.ARM.Collect$$libshutdown$$00000003)
    __rt_lib_shutdown_user_alloc_1           0x080001ab   Thumb Code     0  libshutdown2.o(.ARM.Collect$$libshutdown$$0000000B)
    __rt_entry                               0x080001ad   Thumb Code     0  __rtentry.o(.ARM.Collect$$rtentry$$00000000)
    __rt_entry_presh_1                       0x080001ad   Thumb Code     0  __rtentry2.o(.ARM.Collect$$rtentry$$00000002)
    __rt_entry_sh                            0x080001ad   Thumb Code     0  __rtentry4.o(.ARM.Collect$$rtentry$$00000004)
    __rt_entry_li                            0x080001b3   Thumb Code     0  __rtentry2.o(.ARM.Collect$$rtentry$$0000000A)
    __rt_entry_postsh_1                      0x080001b3   Thumb Code     0  __rtentry2.o(.ARM.Collect$$rtentry$$00000009)
    __rt_entry_main                          0x080001b7   Thumb Code     0  __rtentry2.o(.ARM.Collect$$rtentry$$0000000D)
    __rt_entry_postli_1                      0x080001b7   Thumb Code     0  __rtentry2.o(.ARM.Collect$$rtentry$$0000000C)
    __rt_exit                                0x080001bf   Thumb Code     0  rtexit.o(.ARM.Collect$$rtexit$$00000000)
    __rt_exit_ls                             0x080001c1   Thumb Code     0  rtexit2.o(.ARM.Collect$$rtexit$$00000003)
    __rt_exit_prels_1                        0x080001c1   Thumb Code     0  rtexit2.o(.ARM.Collect$$rtexit$$00000002)
    __rt_exit_exit                           0x080001c5   Thumb Code     0  rtexit2.o(.ARM.Collect$$rtexit$$00000004)
    Reset_Handler                            0x080001cd   Thumb Code     8  startup_stm32f10x_hd.o(.text)
    NMI_Handler                              0x080001d5   Thumb Code     2  startup_stm32f10x_hd.o(.text)
    HardFault_Handler                        0x080001d7   Thumb Code     2  startup_stm32f10x_hd.o(.text)
    MemManage_Handler                        0x080001d9   Thumb Code     2  startup_stm32f10x_hd.o(.text)
    BusFault_Handler                         0x080001db   Thumb Code     2  startup_stm32f10x_hd.o(.text)
    UsageFault_Handler                       0x080001dd   Thumb Code     2  startup_stm32f10x_hd.o(.text)
    SVC_Handler                              0x080001df   Thumb Code     2  startup_stm32f10x_hd.o(.text)
    DebugMon_Handler                         0x080001e1   Thumb Code     2  startup_stm32f10x_hd.o(.text)
    PendSV_Handler                           0x080001e3   Thumb Code     2  startup_stm32f10x_hd.o(.text)
    SysTick_Handler                          0x080001e5   Thumb Code     2  startup_stm32f10x_hd.o(.text)
    ADC1_2_IRQHandler                        0x080001e7   Thumb Code     0  startup_stm32f10x_hd.o(.text)
    CAN1_RX1_IRQHandler                      0x080001e7   Thumb Code     0  startup_stm32f10x_hd.o(.text)
    CAN1_SCE_IRQHandler                      0x080001e7   Thumb Code     0  startup_stm32f10x_hd.o(.text)
    DMA1_Channel1_IRQHandler                 0x080001e7   Thumb Code     0  startup_stm32f10x_hd.o(.text)
    DMA1_Channel2_IRQHandler                 0x080001e7   Thumb Code     0  startup_stm32f10x_hd.o(.text)
    DMA1_Channel3_IRQHandler                 0x080001e7   Thumb Code     0  startup_stm32f10x_hd.o(.text)
    DMA1_Channel4_IRQHandler                 0x080001e7   Thumb Code     0  startup_stm32f10x_hd.o(.text)
    DMA1_Channel5_IRQHandler                 0x080001e7   Thumb Code     0  startup_stm32f10x_hd.o(.text)
    DMA1_Channel6_IRQHandler                 0x080001e7   Thumb Code     0  startup_stm32f10x_hd.o(.text)
    DMA1_Channel7_IRQHandler                 0x080001e7   Thumb Code     0  startup_stm32f10x_hd.o(.text)
    USB_HP_CAN1_TX_IRQHandler                0x080001e7   Thumb Code     0  startup_stm32f10x_hd.o(.text)
    USB_LP_CAN1_RX0_IRQHandler               0x080001e7   Thumb Code     0  startup_stm32f10x_hd.o(.text)
    __user_initial_stackheap                 0x080001e9   Thumb Code     0  startup_stm32f10x_hd.o(.text)
    GPIO_Configuration                       0x0800020d   Thumb Code   212  main.o(.text)
    NVIC_Configuration                       0x080002e1   Thumb Code    68  main.o(.text)
    RCC_Configuration                        0x08000325   Thumb Code    40  main.o(.text)
    main                                     0x0800034d   Thumb Code   516  main.o(.text)
    GT_SDA_IN                                0x0800057d   Thumb Code    24  gt9147.o(.text)
    GT_SDA_OUT                               0x08000595   Thumb Code    30  gt9147.o(.text)
    delay_us                                 0x080005b3   Thumb Code    18  gt9147.o(.text)
    GT9147_WR_Reg                            0x080005c5   Thumb Code    92  gt9147.o(.text)
    GT9147_RD_Reg                            0x08000621   Thumb Code   100  gt9147.o(.text)
    GT9147_Init                              0x08000685   Thumb Code   106  gt9147.o(.text)
    GT9147_Scan                              0x080006ef   Thumb Code    74  gt9147.o(.text)
    GT_Delay                                 0x08000749   Thumb Code    10  gti2c.o(.text)
    GT_I2C_Init                              0x08000753   Thumb Code    46  gti2c.o(.text)
    GT_I2C_Start                             0x08000781   Thumb Code    50  gti2c.o(.text)
    GT_I2C_Stop                              0x080007b3   Thumb Code    42  gti2c.o(.text)
    GT_I2C_Wait_Ack                          0x080007dd   Thumb Code    74  gti2c.o(.text)
    GT_I2C_Ack                               0x08000827   Thumb Code    52  gti2c.o(.text)
    GT_I2C_NAck                              0x0800085b   Thumb Code    52  gti2c.o(.text)
    GT_I2C_Send_Byte                         0x0800088f   Thumb Code    86  gti2c.o(.text)
    GT_I2C_Read_Byte                         0x080008e5   Thumb Code    82  gti2c.o(.text)
    NMIException                             0x0800093d   Thumb Code     2  stm32f10x_it.o(.text)
    HardFaultException                       0x0800093f   Thumb Code     4  stm32f10x_it.o(.text)
    MemManageException                       0x08000943   Thumb Code     4  stm32f10x_it.o(.text)
    BusFaultException                        0x08000947   Thumb Code     4  stm32f10x_it.o(.text)
    UsageFaultException                      0x0800094b   Thumb Code     4  stm32f10x_it.o(.text)
    DebugMonitor                             0x0800094f   Thumb Code     2  stm32f10x_it.o(.text)
    SVCHandler                               0x08000951   Thumb Code     2  stm32f10x_it.o(.text)
    PendSVC                                  0x08000953   Thumb Code     2  stm32f10x_it.o(.text)
    SysTickHandler                           0x08000955   Thumb Code     2  stm32f10x_it.o(.text)
    WWDG_IRQHandler                          0x08000957   Thumb Code     2  stm32f10x_it.o(.text)
    PVD_IRQHandler                           0x08000959   Thumb Code     2  stm32f10x_it.o(.text)
    TAMPER_IRQHandler                        0x0800095b   Thumb Code     2  stm32f10x_it.o(.text)
    FLASH_IRQHandler                         0x0800095d   Thumb Code     2  stm32f10x_it.o(.text)
    RCC_IRQHandler                           0x0800095f   Thumb Code     2  stm32f10x_it.o(.text)
    EXTI0_IRQHandler                         0x08000961   Thumb Code     2  stm32f10x_it.o(.text)
    EXTI1_IRQHandler                         0x08000963   Thumb Code     2  stm32f10x_it.o(.text)
    EXTI2_IRQHandler                         0x08000965   Thumb Code     2  stm32f10x_it.o(.text)
    EXTI3_IRQHandler                         0x08000967   Thumb Code     2  stm32f10x_it.o(.text)
    EXTI4_IRQHandler                         0x08000969   Thumb Code     2  stm32f10x_it.o(.text)
    DMAChannel1_IRQHandler                   0x0800096b   Thumb Code     2  stm32f10x_it.o(.text)
    DMAChannel2_IRQHandler                   0x0800096d   Thumb Code     2  stm32f10x_it.o(.text)
    DMAChannel3_IRQHandler                   0x0800096f   Thumb Code     2  stm32f10x_it.o(.text)
    DMAChannel4_IRQHandler                   0x08000971   Thumb Code     2  stm32f10x_it.o(.text)
    DMAChannel5_IRQHandler                   0x08000973   Thumb Code     2  stm32f10x_it.o(.text)
    DMAChannel6_IRQHandler                   0x08000975   Thumb Code     2  stm32f10x_it.o(.text)
    DMAChannel7_IRQHandler                   0x08000977   Thumb Code     2  stm32f10x_it.o(.text)
    ADC_IRQHandler                           0x08000979   Thumb Code     2  stm32f10x_it.o(.text)
    USB_HP_CAN_TX_IRQHandler                 0x0800097b   Thumb Code     2  stm32f10x_it.o(.text)
    USB_LP_CAN_RX0_IRQHandler                0x0800097d   Thumb Code     2  stm32f10x_it.o(.text)
    CAN_RX1_IRQHandler                       0x0800097f   Thumb Code     2  stm32f10x_it.o(.text)
    CAN_SCE_IRQHandler                       0x08000981   Thumb Code     2  stm32f10x_it.o(.text)
    EXTI9_5_IRQHandler                       0x08000983   Thumb Code     2  stm32f10x_it.o(.text)
    TIM1_BRK_IRQHandler                      0x08000985   Thumb Code     2  stm32f10x_it.o(.text)
    TIM1_UP_IRQHandler                       0x08000987   Thumb Code     2  stm32f10x_it.o(.text)
    TIM1_TRG_COM_IRQHandler                  0x08000989   Thumb Code     2  stm32f10x_it.o(.text)
    TIM1_CC_IRQHandler                       0x0800098b   Thumb Code     2  stm32f10x_it.o(.text)
    TIM2_IRQHandler                          0x0800098d   Thumb Code   464  stm32f10x_it.o(.text)
    TIM3_IRQHandler                          0x08000b5d   Thumb Code   680  stm32f10x_it.o(.text)
    TIM4_IRQHandler                          0x08000e05   Thumb Code     2  stm32f10x_it.o(.text)
    I2C1_EV_IRQHandler                       0x08000e07   Thumb Code     2  stm32f10x_it.o(.text)
    I2C1_ER_IRQHandler                       0x08000e09   Thumb Code     2  stm32f10x_it.o(.text)
    I2C2_EV_IRQHandler                       0x08000e0b   Thumb Code     2  stm32f10x_it.o(.text)
    I2C2_ER_IRQHandler                       0x08000e0d   Thumb Code     2  stm32f10x_it.o(.text)
    SPI1_IRQHandler                          0x08000e0f   Thumb Code     2  stm32f10x_it.o(.text)
    SPI2_IRQHandler                          0x08000e11   Thumb Code     2  stm32f10x_it.o(.text)
    USART1_IRQHandler                        0x08000e13   Thumb Code     2  stm32f10x_it.o(.text)
    USART2_IRQHandler                        0x08000e15   Thumb Code     2  stm32f10x_it.o(.text)
    USART3_IRQHandler                        0x08000e17   Thumb Code     2  stm32f10x_it.o(.text)
    EXTI15_10_IRQHandler                     0x08000e19   Thumb Code     2  stm32f10x_it.o(.text)
    RTC_IRQHandler                           0x08000e1b   Thumb Code     2  stm32f10x_it.o(.text)
    USBWakeUp_IRQHandler                     0x08000e1d   Thumb Code     2  stm32f10x_it.o(.text)
    TIM8_BRK_IRQHandler                      0x08000e1f   Thumb Code     2  stm32f10x_it.o(.text)
    TIM8_UP_IRQHandler                       0x08000e21   Thumb Code     2  stm32f10x_it.o(.text)
    TIM8_TRG_COM_IRQHandler                  0x08000e23   Thumb Code     2  stm32f10x_it.o(.text)
    TIM8_CC_IRQHandler                       0x08000e25   Thumb Code     2  stm32f10x_it.o(.text)
    ADC3_IRQHandler                          0x08000e27   Thumb Code     2  stm32f10x_it.o(.text)
    FSMC_IRQHandler                          0x08000e29   Thumb Code     2  stm32f10x_it.o(.text)
    SDIO_IRQHandler                          0x08000e2b   Thumb Code     2  stm32f10x_it.o(.text)
    TIM5_IRQHandler                          0x08000e2d   Thumb Code     2  stm32f10x_it.o(.text)
    SPI3_IRQHandler                          0x08000e2f   Thumb Code     2  stm32f10x_it.o(.text)
    UART4_IRQHandler                         0x08000e31   Thumb Code     2  stm32f10x_it.o(.text)
    UART5_IRQHandler                         0x08000e33   Thumb Code     2  stm32f10x_it.o(.text)
    TIM6_IRQHandler                          0x08000e35   Thumb Code     2  stm32f10x_it.o(.text)
    TIM7_IRQHandler                          0x08000e37   Thumb Code     2  stm32f10x_it.o(.text)
    DMA2_Channel1_IRQHandler                 0x08000e39   Thumb Code     2  stm32f10x_it.o(.text)
    DMA2_Channel2_IRQHandler                 0x08000e3b   Thumb Code     2  stm32f10x_it.o(.text)
    DMA2_Channel3_IRQHandler                 0x08000e3d   Thumb Code     2  stm32f10x_it.o(.text)
    DMA2_Channel4_5_IRQHandler               0x08000e3f   Thumb Code     2  stm32f10x_it.o(.text)
    RTCAlarm_IRQHandler                      0x08000e41   Thumb Code     2  stm32f10x_it.o(.text)
    TIM_DeInit                               0x08000e45   Thumb Code   424  stm32f10x_tim.o(.text)
    TIM_TimeBaseInit                         0x08000fed   Thumb Code   122  stm32f10x_tim.o(.text)
    TIM_OC1Init                              0x08001067   Thumb Code   132  stm32f10x_tim.o(.text)
    TIM_OC2Init                              0x080010eb   Thumb Code   154  stm32f10x_tim.o(.text)
    TIM_OC3Init                              0x08001185   Thumb Code   150  stm32f10x_tim.o(.text)
    TIM_OC4Init                              0x0800121b   Thumb Code   182  stm32f10x_tim.o(.text)
    TIM_SetIC4Prescaler                      0x080012d1   Thumb Code    26  stm32f10x_tim.o(.text)
    TIM_SetIC3Prescaler                      0x0800136d   Thumb Code    18  stm32f10x_tim.o(.text)
    TIM_SetIC2Prescaler                      0x080013f9   Thumb Code    26  stm32f10x_tim.o(.text)
    TIM_SetIC1Prescaler                      0x08001495   Thumb Code    18  stm32f10x_tim.o(.text)
    TIM_ICInit                               0x08001513   Thumb Code   150  stm32f10x_tim.o(.text)
    TIM_PWMIConfig                           0x080015a9   Thumb Code   124  stm32f10x_tim.o(.text)
    TIM_BDTRConfig                           0x08001625   Thumb Code    32  stm32f10x_tim.o(.text)
    TIM_TimeBaseStructInit                   0x08001645   Thumb Code    18  stm32f10x_tim.o(.text)
    TIM_OCStructInit                         0x08001657   Thumb Code    20  stm32f10x_tim.o(.text)
    TIM_ICStructInit                         0x0800166b   Thumb Code    18  stm32f10x_tim.o(.text)
    TIM_BDTRStructInit                       0x0800167d   Thumb Code    40  stm32f10x_tim.o(.text)
    TIM_Cmd                                  0x080016a5   Thumb Code    24  stm32f10x_tim.o(.text)
    TIM_CtrlPWMOutputs                       0x080016bd   Thumb Code    30  stm32f10x_tim.o(.text)
    TIM_ITConfig                             0x080016db   Thumb Code    18  stm32f10x_tim.o(.text)
    TIM_GenerateEvent                        0x080016ed   Thumb Code     4  stm32f10x_tim.o(.text)
    TIM_DMAConfig                            0x080016f1   Thumb Code    10  stm32f10x_tim.o(.text)
    TIM_DMACmd                               0x080016fb   Thumb Code    18  stm32f10x_tim.o(.text)
    TIM_InternalClockConfig                  0x0800170d   Thumb Code    12  stm32f10x_tim.o(.text)
    TIM_SelectInputTrigger                   0x08001719   Thumb Code    18  stm32f10x_tim.o(.text)
    TIM_ITRxExternalClockConfig              0x0800172b   Thumb Code    24  stm32f10x_tim.o(.text)
    TIM_TIxExternalClockConfig               0x08001743   Thumb Code    62  stm32f10x_tim.o(.text)
    TIM_ETRConfig                            0x08001781   Thumb Code    28  stm32f10x_tim.o(.text)
    TIM_ETRClockMode1Config                  0x0800179d   Thumb Code    54  stm32f10x_tim.o(.text)
    TIM_ETRClockMode2Config                  0x080017d3   Thumb Code    32  stm32f10x_tim.o(.text)
    TIM_PrescalerConfig                      0x080017f3   Thumb Code     6  stm32f10x_tim.o(.text)
    TIM_CounterModeConfig                    0x080017f9   Thumb Code    18  stm32f10x_tim.o(.text)
    TIM_EncoderInterfaceConfig               0x0800180b   Thumb Code    66  stm32f10x_tim.o(.text)
    TIM_ForcedOC1Config                      0x0800184d   Thumb Code    18  stm32f10x_tim.o(.text)
    TIM_ForcedOC2Config                      0x0800185f   Thumb Code    26  stm32f10x_tim.o(.text)
    TIM_ForcedOC3Config                      0x08001879   Thumb Code    18  stm32f10x_tim.o(.text)
    TIM_ForcedOC4Config                      0x0800188b   Thumb Code    26  stm32f10x_tim.o(.text)
    TIM_ARRPreloadConfig                     0x080018a5   Thumb Code    24  stm32f10x_tim.o(.text)
    TIM_SelectCOM                            0x080018bd   Thumb Code    24  stm32f10x_tim.o(.text)
    TIM_SelectCCDMA                          0x080018d5   Thumb Code    24  stm32f10x_tim.o(.text)
    TIM_CCPreloadControl                     0x080018ed   Thumb Code    24  stm32f10x_tim.o(.text)
    TIM_OC1PreloadConfig                     0x08001905   Thumb Code    18  stm32f10x_tim.o(.text)
    TIM_OC2PreloadConfig                     0x08001917   Thumb Code    26  stm32f10x_tim.o(.text)
    TIM_OC3PreloadConfig                     0x08001931   Thumb Code    18  stm32f10x_tim.o(.text)
    TIM_OC4PreloadConfig                     0x08001943   Thumb Code    26  stm32f10x_tim.o(.text)
    TIM_OC1FastConfig                        0x0800195d   Thumb Code    18  stm32f10x_tim.o(.text)
    TIM_OC2FastConfig                        0x0800196f   Thumb Code    26  stm32f10x_tim.o(.text)
    TIM_OC3FastConfig                        0x08001989   Thumb Code    18  stm32f10x_tim.o(.text)
    TIM_OC4FastConfig                        0x0800199b   Thumb Code    26  stm32f10x_tim.o(.text)
    TIM_ClearOC1Ref                          0x080019b5   Thumb Code    18  stm32f10x_tim.o(.text)
    TIM_ClearOC2Ref                          0x080019c7   Thumb Code    24  stm32f10x_tim.o(.text)
    TIM_ClearOC3Ref                          0x080019df   Thumb Code    18  stm32f10x_tim.o(.text)
    TIM_ClearOC4Ref                          0x080019f1   Thumb Code    24  stm32f10x_tim.o(.text)
    TIM_OC1PolarityConfig                    0x08001a09   Thumb Code    18  stm32f10x_tim.o(.text)
    TIM_OC1NPolarityConfig                   0x08001a1b   Thumb Code    18  stm32f10x_tim.o(.text)
    TIM_OC2PolarityConfig                    0x08001a2d   Thumb Code    26  stm32f10x_tim.o(.text)
    TIM_OC2NPolarityConfig                   0x08001a47   Thumb Code    26  stm32f10x_tim.o(.text)
    TIM_OC3PolarityConfig                    0x08001a61   Thumb Code    26  stm32f10x_tim.o(.text)
    TIM_OC3NPolarityConfig                   0x08001a7b   Thumb Code    26  stm32f10x_tim.o(.text)
    TIM_OC4PolarityConfig                    0x08001a95   Thumb Code    26  stm32f10x_tim.o(.text)
    TIM_CCxCmd                               0x08001aaf   Thumb Code    30  stm32f10x_tim.o(.text)
    TIM_CCxNCmd                              0x08001acd   Thumb Code    30  stm32f10x_tim.o(.text)
    TIM_SelectOCxM                           0x08001aeb   Thumb Code    82  stm32f10x_tim.o(.text)
    TIM_UpdateDisableConfig                  0x08001b3d   Thumb Code    24  stm32f10x_tim.o(.text)
    TIM_UpdateRequestConfig                  0x08001b55   Thumb Code    24  stm32f10x_tim.o(.text)
    TIM_SelectHallSensor                     0x08001b6d   Thumb Code    24  stm32f10x_tim.o(.text)
    TIM_SelectOnePulseMode                   0x08001b85   Thumb Code    18  stm32f10x_tim.o(.text)
    TIM_SelectOutputTrigger                  0x08001b97   Thumb Code    18  stm32f10x_tim.o(.text)
    TIM_SelectSlaveMode                      0x08001ba9   Thumb Code    18  stm32f10x_tim.o(.text)
    TIM_SelectMasterSlaveMode                0x08001bbb   Thumb Code    18  stm32f10x_tim.o(.text)
    TIM_SetCounter                           0x08001bcd   Thumb Code     4  stm32f10x_tim.o(.text)
    TIM_SetAutoreload                        0x08001bd1   Thumb Code     4  stm32f10x_tim.o(.text)
    TIM_SetCompare1                          0x08001bd5   Thumb Code     4  stm32f10x_tim.o(.text)
    TIM_SetCompare2                          0x08001bd9   Thumb Code     4  stm32f10x_tim.o(.text)
    TIM_SetCompare3                          0x08001bdd   Thumb Code     4  stm32f10x_tim.o(.text)
    TIM_SetCompare4                          0x08001be1   Thumb Code     6  stm32f10x_tim.o(.text)
    TIM_SetClockDivision                     0x08001be7   Thumb Code    18  stm32f10x_tim.o(.text)
    TIM_GetCapture1                          0x08001bf9   Thumb Code     6  stm32f10x_tim.o(.text)
    TIM_GetCapture2                          0x08001bff   Thumb Code     6  stm32f10x_tim.o(.text)
    TIM_GetCapture3                          0x08001c05   Thumb Code     6  stm32f10x_tim.o(.text)
    TIM_GetCapture4                          0x08001c0b   Thumb Code     8  stm32f10x_tim.o(.text)
    TIM_GetCounter                           0x08001c13   Thumb Code     6  stm32f10x_tim.o(.text)
    TIM_GetPrescaler                         0x08001c19   Thumb Code     6  stm32f10x_tim.o(.text)
    TIM_GetFlagStatus                        0x08001c1f   Thumb Code    18  stm32f10x_tim.o(.text)
    TIM_ClearFlag                            0x08001c31   Thumb Code     6  stm32f10x_tim.o(.text)
    TIM_GetITStatus                          0x08001c37   Thumb Code    34  stm32f10x_tim.o(.text)
    TIM_ClearITPendingBit                    0x08001c59   Thumb Code     6  stm32f10x_tim.o(.text)
    Time_init                                0x08001c61   Thumb Code   192  tim.o(.text)
    in_func                                  0x08001d39   Thumb Code    48  sd_card.o(.text)
    STM32_disp_blt                           0x08001d69   Thumb Code   446  sd_card.o(.text)
    out_func                                 0x08001f27   Thumb Code    28  sd_card.o(.text)
    Disp_Mask                                0x08001f43   Thumb Code    20  sd_card.o(.text)
    OutPutFile                               0x08001f57   Thumb Code   272  sd_card.o(.text)
    SD_TEST                                  0x08002067   Thumb Code   122  sd_card.o(.text)
    disk_initialize                          0x0800214d   Thumb Code     6  diskio.o(.text)
    disk_status                              0x08002153   Thumb Code     6  diskio.o(.text)
    disk_read                                0x08002159   Thumb Code    32  diskio.o(.text)
    disk_write                               0x08002179   Thumb Code    32  diskio.o(.text)
    disk_ioctl                               0x08002199   Thumb Code     6  diskio.o(.text)
    get_fattime                              0x0800219f   Thumb Code     4  diskio.o(.text)
    clust2sect                               0x08002349   Thumb Code    26  ff.o(.text)
    get_fat                                  0x08002363   Thumb Code   228  ff.o(.text)
    put_fat                                  0x08002447   Thumb Code   310  ff.o(.text)
    f_mount                                  0x08003071   Thumb Code    38  ff.o(.text)
    f_open                                   0x08003097   Thumb Code   350  ff.o(.text)
    f_read                                   0x080031f5   Thumb Code   476  ff.o(.text)
    f_write                                  0x080033d1   Thumb Code   524  ff.o(.text)
    f_sync                                   0x080035dd   Thumb Code   176  ff.o(.text)
    f_close                                  0x0800368d   Thumb Code    22  ff.o(.text)
    f_lseek                                  0x080036a3   Thumb Code   430  ff.o(.text)
    f_opendir                                0x08003851   Thumb Code   112  ff.o(.text)
    f_readdir                                0x080038c1   Thumb Code    86  ff.o(.text)
    f_stat                                   0x08003917   Thumb Code    58  ff.o(.text)
    f_getfree                                0x08003951   Thumb Code   260  ff.o(.text)
    f_truncate                               0x08003a55   Thumb Code   160  ff.o(.text)
    f_unlink                                 0x08003af5   Thumb Code   168  ff.o(.text)
    f_mkdir                                  0x08003b9d   Thumb Code   354  ff.o(.text)
    f_chmod                                  0x08003cff   Thumb Code    84  ff.o(.text)
    f_utime                                  0x08003d53   Thumb Code    86  ff.o(.text)
    f_rename                                 0x08003da9   Thumb Code   276  ff.o(.text)
    jd_prepare                               0x08004a61   Thumb Code   924  tjpgd.o(.text)
    jd_decomp                                0x08004dfd   Thumb Code   162  tjpgd.o(.text)
    SD_LowLevel_DeInit                       0x08004ea1   Thumb Code    66  sdio_sdcard.o(.text)
    SD_LowLevel_Init                         0x08004ee3   Thumb Code    92  sdio_sdcard.o(.text)
    SD_LowLevel_DMA_TxConfig                 0x08004f3f   Thumb Code    86  sdio_sdcard.o(.text)
    SD_LowLevel_DMA_RxConfig                 0x08004f95   Thumb Code    86  sdio_sdcard.o(.text)
    SD_DMAEndOfTransferStatus                0x08004feb   Thumb Code    10  sdio_sdcard.o(.text)
    SD_DeInit                                0x08004ff5   Thumb Code     8  sdio_sdcard.o(.text)
    SD_SetDeviceMode                         0x08004ffd   Thumb Code    24  sdio_sdcard.o(.text)
    SD_EnableWideBusOperation                0x0800541d   Thumb Code   144  sdio_sdcard.o(.text)
    SD_SelectDeselect                        0x080054ad   Thumb Code    48  sdio_sdcard.o(.text)
    SD_GetCardInfo                           0x080054dd   Thumb Code   726  sdio_sdcard.o(.text)
    SD_InitializeCards                       0x08005891   Thumb Code   300  sdio_sdcard.o(.text)
    SD_PowerON                               0x08005a65   Thumb Code   414  sdio_sdcard.o(.text)
    SD_Init                                  0x08005c03   Thumb Code   124  sdio_sdcard.o(.text)
    SD_SendStatus                            0x08005c7f   Thumb Code    76  sdio_sdcard.o(.text)
    SD_Detect                                0x08005ccb   Thumb Code    26  sdio_sdcard.o(.text)
    SD_GetState                              0x08005ce5   Thumb Code    40  sdio_sdcard.o(.text)
    SD_GetStatus                             0x08005d0d   Thumb Code    30  sdio_sdcard.o(.text)
    SD_PowerOFF                              0x08005d2b   Thumb Code    14  sdio_sdcard.o(.text)
    SD_ReadBlock                             0x08005d4b   Thumb Code   656  sdio_sdcard.o(.text)
    SD_ReadMultiBlocks                       0x08005fdb   Thumb Code   712  sdio_sdcard.o(.text)
    SD_WriteBlock                            0x08006465   Thumb Code   828  sdio_sdcard.o(.text)
    SD_WriteMultiBlocks                      0x080067a1   Thumb Code  1042  sdio_sdcard.o(.text)
    SD_GetTransferState                      0x08006bb3   Thumb Code    18  sdio_sdcard.o(.text)
    SD_StopTransfer                          0x08006bc5   Thumb Code    46  sdio_sdcard.o(.text)
    SD_Erase                                 0x08006bf3   Thumb Code   356  sdio_sdcard.o(.text)
    SD_SendSDStatus                          0x08006d57   Thumb Code   418  sdio_sdcard.o(.text)
    SD_ProcessIRQSrc                         0x08006ef9   Thumb Code   552  sdio_sdcard.o(.text)
    DMA_DeInit                               0x08007155   Thumb Code   324  stm32f10x_dma.o(.text)
    DMA_Init                                 0x08007299   Thumb Code    60  stm32f10x_dma.o(.text)
    DMA_StructInit                           0x080072d5   Thumb Code    26  stm32f10x_dma.o(.text)
    DMA_Cmd                                  0x080072ef   Thumb Code    24  stm32f10x_dma.o(.text)
    DMA_ITConfig                             0x08007307   Thumb Code    18  stm32f10x_dma.o(.text)
    DMA_SetCurrDataCounter                   0x08007319   Thumb Code     4  stm32f10x_dma.o(.text)
    DMA_GetCurrDataCounter                   0x0800731d   Thumb Code     8  stm32f10x_dma.o(.text)
    DMA_GetFlagStatus                        0x08007325   Thumb Code    40  stm32f10x_dma.o(.text)
    DMA_ClearFlag                            0x0800734d   Thumb Code    22  stm32f10x_dma.o(.text)
    DMA_GetITStatus                          0x08007363   Thumb Code    40  stm32f10x_dma.o(.text)
    DMA_ClearITPendingBit                    0x0800738b   Thumb Code    22  stm32f10x_dma.o(.text)
    SDIO_DeInit                              0x080073a9   Thumb Code    28  stm32f10x_sdio.o(.text)
    SDIO_Init                                0x080073c5   Thumb Code    42  stm32f10x_sdio.o(.text)
    SDIO_StructInit                          0x080073ef   Thumb Code    16  stm32f10x_sdio.o(.text)
    SDIO_ClockCmd                            0x080073ff   Thumb Code     6  stm32f10x_sdio.o(.text)
    SDIO_SetPowerState                       0x08007405   Thumb Code    22  stm32f10x_sdio.o(.text)
    SDIO_GetPowerState                       0x0800741b   Thumb Code    10  stm32f10x_sdio.o(.text)
    SDIO_ITConfig                            0x08007425   Thumb Code    26  stm32f10x_sdio.o(.text)
    SDIO_DMACmd                              0x0800743f   Thumb Code     6  stm32f10x_sdio.o(.text)
    SDIO_SendCommand                         0x08007445   Thumb Code    38  stm32f10x_sdio.o(.text)
    SDIO_CmdStructInit                       0x0800746b   Thumb Code    14  stm32f10x_sdio.o(.text)
    SDIO_GetCommandResponse                  0x08007479   Thumb Code     8  stm32f10x_sdio.o(.text)
    SDIO_GetResponse                         0x08007481   Thumb Code    22  stm32f10x_sdio.o(.text)
    SDIO_DataConfig                          0x08007497   Thumb Code    42  stm32f10x_sdio.o(.text)
    SDIO_DataStructInit                      0x080074c1   Thumb Code    20  stm32f10x_sdio.o(.text)
    SDIO_GetDataCounter                      0x080074d5   Thumb Code     6  stm32f10x_sdio.o(.text)
    SDIO_ReadData                            0x080074db   Thumb Code     8  stm32f10x_sdio.o(.text)
    SDIO_WriteData                           0x080074e3   Thumb Code     8  stm32f10x_sdio.o(.text)
    SDIO_GetFIFOCount                        0x080074eb   Thumb Code     6  stm32f10x_sdio.o(.text)
    SDIO_StartSDIOReadWait                   0x080074f1   Thumb Code     8  stm32f10x_sdio.o(.text)
    SDIO_StopSDIOReadWait                    0x080074f9   Thumb Code     8  stm32f10x_sdio.o(.text)
    SDIO_SetSDIOReadWaitMode                 0x08007501   Thumb Code     8  stm32f10x_sdio.o(.text)
    SDIO_SetSDIOOperation                    0x08007509   Thumb Code     8  stm32f10x_sdio.o(.text)
    SDIO_SendSDIOSuspendCmd                  0x08007511   Thumb Code     6  stm32f10x_sdio.o(.text)
    SDIO_CommandCompletionCmd                0x08007517   Thumb Code     8  stm32f10x_sdio.o(.text)
    SDIO_CEATAITCmd                          0x0800751f   Thumb Code    12  stm32f10x_sdio.o(.text)
    SDIO_SendCEATACmd                        0x0800752b   Thumb Code     8  stm32f10x_sdio.o(.text)
    SDIO_GetFlagStatus                       0x08007533   Thumb Code    20  stm32f10x_sdio.o(.text)
    SDIO_ClearFlag                           0x08007547   Thumb Code     6  stm32f10x_sdio.o(.text)
    SDIO_GetITStatus                         0x0800754d   Thumb Code    20  stm32f10x_sdio.o(.text)
    SDIO_ClearITPendingBit                   0x08007561   Thumb Code     6  stm32f10x_sdio.o(.text)
    delay                                    0x0800757d   Thumb Code    24  mcp.o(.text)
    MCP_Delay                                0x08007595   Thumb Code    10  mcp.o(.text)
    MCP_I2C_Init                             0x0800759f   Thumb Code    46  mcp.o(.text)
    MCP_SDA_IN                               0x080075cd   Thumb Code    24  mcp.o(.text)
    MCP_SDA_OUT                              0x080075e5   Thumb Code    30  mcp.o(.text)
    MCP_I2C_Start                            0x08007603   Thumb Code    50  mcp.o(.text)
    MCP_I2C_Stop                             0x08007635   Thumb Code    42  mcp.o(.text)
    MCP_I2C_Wait_Ack                         0x0800765f   Thumb Code    74  mcp.o(.text)
    MCP_I2C_Ack                              0x080076a9   Thumb Code    52  mcp.o(.text)
    MCP_I2C_NAck                             0x080076dd   Thumb Code    52  mcp.o(.text)
    MCP_I2C_Send_Byte                        0x08007711   Thumb Code    90  mcp.o(.text)
    MCP_I2C_Read_Byte                        0x0800776b   Thumb Code    82  mcp.o(.text)
    MCP_ResistanceSet                        0x080077bd   Thumb Code    44  mcp.o(.text)
    ADC_Configuration                        0x080077ed   Thumb Code   238  ad.o(.text)
    FSMC_NORSRAMDeInit                       0x080078ed   Thumb Code    54  stm32f10x_fsmc.o(.text)
    FSMC_NANDDeInit                          0x08007923   Thumb Code    62  stm32f10x_fsmc.o(.text)
    FSMC_PCCARDDeInit                        0x08007961   Thumb Code    36  stm32f10x_fsmc.o(.text)
    FSMC_NORSRAMInit                         0x08007985   Thumb Code   230  stm32f10x_fsmc.o(.text)
    FSMC_NANDInit                            0x08007a6b   Thumb Code   132  stm32f10x_fsmc.o(.text)
    FSMC_PCCARDInit                          0x08007aef   Thumb Code   130  stm32f10x_fsmc.o(.text)
    FSMC_NORSRAMStructInit                   0x08007b71   Thumb Code   114  stm32f10x_fsmc.o(.text)
    FSMC_NANDStructInit                      0x08007be3   Thumb Code    54  stm32f10x_fsmc.o(.text)
    FSMC_PCCARDStructInit                    0x08007c19   Thumb Code    60  stm32f10x_fsmc.o(.text)
    FSMC_NORSRAMCmd                          0x08007c55   Thumb Code    46  stm32f10x_fsmc.o(.text)
    FSMC_NANDCmd                             0x08007c83   Thumb Code    86  stm32f10x_fsmc.o(.text)
    FSMC_PCCARDCmd                           0x08007cd9   Thumb Code    44  stm32f10x_fsmc.o(.text)
    FSMC_NANDECCCmd                          0x08007d05   Thumb Code    90  stm32f10x_fsmc.o(.text)
    FSMC_GetECC                              0x08007d5f   Thumb Code    24  stm32f10x_fsmc.o(.text)
    FSMC_ITConfig                            0x08007d77   Thumb Code   128  stm32f10x_fsmc.o(.text)
    FSMC_GetFlagStatus                       0x08007df7   Thumb Code    54  stm32f10x_fsmc.o(.text)
    FSMC_ClearFlag                           0x08007e2d   Thumb Code    62  stm32f10x_fsmc.o(.text)
    FSMC_GetITStatus                         0x08007e6b   Thumb Code    64  stm32f10x_fsmc.o(.text)
    FSMC_ClearITPendingBit                   0x08007eab   Thumb Code    68  stm32f10x_fsmc.o(.text)
    GPIO_DeInit                              0x08007ef9   Thumb Code   172  stm32f10x_gpio.o(.text)
    GPIO_AFIODeInit                          0x08007fa5   Thumb Code    20  stm32f10x_gpio.o(.text)
    GPIO_Init                                0x08007fb9   Thumb Code   278  stm32f10x_gpio.o(.text)
    GPIO_StructInit                          0x080080cf   Thumb Code    16  stm32f10x_gpio.o(.text)
    GPIO_ReadInputDataBit                    0x080080df   Thumb Code    18  stm32f10x_gpio.o(.text)
    GPIO_ReadInputData                       0x080080f1   Thumb Code     8  stm32f10x_gpio.o(.text)
    GPIO_ReadOutputDataBit                   0x080080f9   Thumb Code    18  stm32f10x_gpio.o(.text)
    GPIO_ReadOutputData                      0x0800810b   Thumb Code     8  stm32f10x_gpio.o(.text)
    GPIO_SetBits                             0x08008113   Thumb Code     4  stm32f10x_gpio.o(.text)
    GPIO_ResetBits                           0x08008117   Thumb Code     4  stm32f10x_gpio.o(.text)
    GPIO_WriteBit                            0x0800811b   Thumb Code    10  stm32f10x_gpio.o(.text)
    GPIO_Write                               0x08008125   Thumb Code     4  stm32f10x_gpio.o(.text)
    GPIO_PinLockConfig                       0x08008129   Thumb Code    18  stm32f10x_gpio.o(.text)
    GPIO_EventOutputConfig                   0x0800813b   Thumb Code    26  stm32f10x_gpio.o(.text)
    GPIO_EventOutputCmd                      0x08008155   Thumb Code     6  stm32f10x_gpio.o(.text)
    GPIO_PinRemapConfig                      0x0800815b   Thumb Code   138  stm32f10x_gpio.o(.text)
    GPIO_EXTILineConfig                      0x080081e5   Thumb Code    66  stm32f10x_gpio.o(.text)
    GPIO_ETH_MediaInterfaceConfig            0x08008227   Thumb Code     8  stm32f10x_gpio.o(.text)
    RCC_DeInit                               0x08008255   Thumb Code    64  stm32f10x_rcc.o(.text)
    RCC_HSEConfig                            0x08008295   Thumb Code    70  stm32f10x_rcc.o(.text)
    RCC_GetFlagStatus                        0x080082db   Thumb Code    56  stm32f10x_rcc.o(.text)
    RCC_WaitForHSEStartUp                    0x08008313   Thumb Code    56  stm32f10x_rcc.o(.text)
    RCC_AdjustHSICalibrationValue            0x0800834b   Thumb Code    20  stm32f10x_rcc.o(.text)
    RCC_HSICmd                               0x0800835f   Thumb Code     6  stm32f10x_rcc.o(.text)
    RCC_PLLConfig                            0x08008365   Thumb Code    24  stm32f10x_rcc.o(.text)
    RCC_PLLCmd                               0x0800837d   Thumb Code     6  stm32f10x_rcc.o(.text)
    RCC_SYSCLKConfig                         0x08008383   Thumb Code    18  stm32f10x_rcc.o(.text)
    RCC_GetSYSCLKSource                      0x08008395   Thumb Code    10  stm32f10x_rcc.o(.text)
    RCC_HCLKConfig                           0x0800839f   Thumb Code    18  stm32f10x_rcc.o(.text)
    RCC_PCLK1Config                          0x080083b1   Thumb Code    18  stm32f10x_rcc.o(.text)
    RCC_PCLK2Config                          0x080083c3   Thumb Code    20  stm32f10x_rcc.o(.text)
    RCC_ITConfig                             0x080083d7   Thumb Code    26  stm32f10x_rcc.o(.text)
    RCC_USBCLKConfig                         0x080083f1   Thumb Code     8  stm32f10x_rcc.o(.text)
    RCC_ADCCLKConfig                         0x080083f9   Thumb Code    18  stm32f10x_rcc.o(.text)
    RCC_LSEConfig                            0x0800840b   Thumb Code    50  stm32f10x_rcc.o(.text)
    RCC_LSICmd                               0x0800843d   Thumb Code     6  stm32f10x_rcc.o(.text)
    RCC_RTCCLKConfig                         0x08008443   Thumb Code    12  stm32f10x_rcc.o(.text)
    RCC_RTCCLKCmd                            0x0800844f   Thumb Code     8  stm32f10x_rcc.o(.text)
    RCC_GetClocksFreq                        0x08008457   Thumb Code   192  stm32f10x_rcc.o(.text)
    RCC_AHBPeriphClockCmd                    0x08008517   Thumb Code    26  stm32f10x_rcc.o(.text)
    RCC_APB2PeriphClockCmd                   0x08008531   Thumb Code    26  stm32f10x_rcc.o(.text)
    RCC_APB1PeriphClockCmd                   0x0800854b   Thumb Code    26  stm32f10x_rcc.o(.text)
    RCC_APB2PeriphResetCmd                   0x08008565   Thumb Code    26  stm32f10x_rcc.o(.text)
    RCC_APB1PeriphResetCmd                   0x0800857f   Thumb Code    26  stm32f10x_rcc.o(.text)
    RCC_BackupResetCmd                       0x08008599   Thumb Code     8  stm32f10x_rcc.o(.text)
    RCC_ClockSecuritySystemCmd               0x080085a1   Thumb Code     6  stm32f10x_rcc.o(.text)
    RCC_MCOConfig                            0x080085a7   Thumb Code     6  stm32f10x_rcc.o(.text)
    RCC_ClearFlag                            0x080085ad   Thumb Code    14  stm32f10x_rcc.o(.text)
    RCC_GetITStatus                          0x080085bb   Thumb Code    20  stm32f10x_rcc.o(.text)
    RCC_ClearITPendingBit                    0x080085cf   Thumb Code     6  stm32f10x_rcc.o(.text)
    NVIC_PriorityGroupConfig                 0x080085f9   Thumb Code    10  misc.o(.text)
    NVIC_Init                                0x08008603   Thumb Code   100  misc.o(.text)
    NVIC_SetVectorTable                      0x08008667   Thumb Code    14  misc.o(.text)
    NVIC_SystemLPConfig                      0x08008675   Thumb Code    34  misc.o(.text)
    SysTick_CLKSourceConfig                  0x08008697   Thumb Code    40  misc.o(.text)
    ADC_DeInit                               0x080086d5   Thumb Code    78  stm32f10x_adc.o(.text)
    ADC_Init                                 0x08008723   Thumb Code    70  stm32f10x_adc.o(.text)
    ADC_StructInit                           0x08008769   Thumb Code    18  stm32f10x_adc.o(.text)
    ADC_Cmd                                  0x0800877b   Thumb Code    22  stm32f10x_adc.o(.text)
    ADC_DMACmd                               0x08008791   Thumb Code    22  stm32f10x_adc.o(.text)
    ADC_ITConfig                             0x080087a7   Thumb Code    24  stm32f10x_adc.o(.text)
    ADC_ResetCalibration                     0x080087bf   Thumb Code    10  stm32f10x_adc.o(.text)
    ADC_GetResetCalibrationStatus            0x080087c9   Thumb Code    20  stm32f10x_adc.o(.text)
    ADC_StartCalibration                     0x080087dd   Thumb Code    10  stm32f10x_adc.o(.text)
    ADC_GetCalibrationStatus                 0x080087e7   Thumb Code    20  stm32f10x_adc.o(.text)
    ADC_SoftwareStartConvCmd                 0x080087fb   Thumb Code    22  stm32f10x_adc.o(.text)
    ADC_GetSoftwareStartConvStatus           0x08008811   Thumb Code    20  stm32f10x_adc.o(.text)
    ADC_DiscModeChannelCountConfig           0x08008825   Thumb Code    24  stm32f10x_adc.o(.text)
    ADC_DiscModeCmd                          0x0800883d   Thumb Code    22  stm32f10x_adc.o(.text)
    ADC_RegularChannelConfig                 0x08008853   Thumb Code   184  stm32f10x_adc.o(.text)
    ADC_ExternalTrigConvCmd                  0x0800890b   Thumb Code    22  stm32f10x_adc.o(.text)
    ADC_GetConversionValue                   0x08008921   Thumb Code     8  stm32f10x_adc.o(.text)
    ADC_GetDualModeConversionValue           0x08008929   Thumb Code     8  stm32f10x_adc.o(.text)
    ADC_AutoInjectedConvCmd                  0x08008931   Thumb Code    22  stm32f10x_adc.o(.text)
    ADC_InjectedDiscModeCmd                  0x08008947   Thumb Code    22  stm32f10x_adc.o(.text)
    ADC_ExternalTrigInjectedConvConfig       0x0800895d   Thumb Code    16  stm32f10x_adc.o(.text)
    ADC_ExternalTrigInjectedConvCmd          0x0800896d   Thumb Code    22  stm32f10x_adc.o(.text)
    ADC_SoftwareStartInjectedConvCmd         0x08008983   Thumb Code    22  stm32f10x_adc.o(.text)
    ADC_GetSoftwareStartInjectedConvCmdStatus 0x08008999   Thumb Code    20  stm32f10x_adc.o(.text)
    ADC_InjectedChannelConfig                0x080089ad   Thumb Code   130  stm32f10x_adc.o(.text)
    ADC_InjectedSequencerLengthConfig        0x08008a2f   Thumb Code    24  stm32f10x_adc.o(.text)
    ADC_SetInjectedOffset                    0x08008a47   Thumb Code    20  stm32f10x_adc.o(.text)
    ADC_GetInjectedConversionValue           0x08008a5b   Thumb Code    28  stm32f10x_adc.o(.text)
    ADC_AnalogWatchdogCmd                    0x08008a77   Thumb Code    16  stm32f10x_adc.o(.text)
    ADC_AnalogWatchdogThresholdsConfig       0x08008a87   Thumb Code     6  stm32f10x_adc.o(.text)
    ADC_AnalogWatchdogSingleChannelConfig    0x08008a8d   Thumb Code    16  stm32f10x_adc.o(.text)
    ADC_TempSensorVrefintCmd                 0x08008a9d   Thumb Code    64  stm32f10x_adc.o(.text)
    ADC_GetFlagStatus                        0x08008add   Thumb Code    18  stm32f10x_adc.o(.text)
    ADC_ClearFlag                            0x08008aef   Thumb Code     6  stm32f10x_adc.o(.text)
    ADC_GetITStatus                          0x08008af5   Thumb Code    36  stm32f10x_adc.o(.text)
    ADC_ClearITPendingBit                    0x08008b19   Thumb Code    10  stm32f10x_adc.o(.text)
    FSMC_LCD_Init                            0x08008b25   Thumb Code   238  fsmc_sram.o(.text)
    LCD_WR_REG                               0x08008c1d   Thumb Code     8  lcddrv.o(.text)
    LCD_WR_CMD                               0x08008c25   Thumb Code    12  lcddrv.o(.text)
    LCD_RD_data                              0x08008c31   Thumb Code    12  lcddrv.o(.text)
    LCD_WR_Data                              0x08008c3d   Thumb Code     6  lcddrv.o(.text)
    LCD_WR_Data_8                            0x08008c43   Thumb Code     6  lcddrv.o(.text)
    Delay                                    0x08008c49   Thumb Code    18  lcddrv.o(.text)
    TFT_CLEAR                                0x08008c5b   Thumb Code   106  lcddrv.o(.text)
    LCD_Init_SD                              0x08008cc5   Thumb Code   490  lcddrv.o(.text)
    TFT_DrawPoint                            0x08008eaf   Thumb Code    82  lcddrv.o(.text)
    TFT_ShowChar                             0x08008f01   Thumb Code   180  lcddrv.o(.text)
    mn                                       0x08008fb5   Thumb Code    22  lcddrv.o(.text)
    TFT_ShowNum                              0x08008fcb   Thumb Code   200  lcddrv.o(.text)
    TFT_ShowString                           0x08009093   Thumb Code    40  lcddrv.o(.text)
    FillColor                                0x080090bb   Thumb Code    70  lcddrv.o(.text)
    SystemInit                               0x080091e3   Thumb Code    78  system_stm32f10x.o(.text)
    SystemCoreClockUpdate                    0x08009231   Thumb Code   142  system_stm32f10x.o(.text)
    SysInit                                  0x080092e5   Thumb Code   144  mysystem.o(.text)
    ReadyMark                                0x08009375   Thumb Code   100  mysystem.o(.text)
    Clear                                    0x080093d9   Thumb Code    76  mysystem.o(.text)
    TouchHandle_PageOne                      0x08009425   Thumb Code  1466  mysystem.o(.text)
    TouchHandle_PageTwo                      0x080099df   Thumb Code   626  mysystem.o(.text)
    ShowInterfaceOne                         0x08009c51   Thumb Code   120  mysystem.o(.text)
    ShowInterfaceTwo                         0x08009cc9   Thumb Code    92  mysystem.o(.text)
    WorkMark                                 0x08009d25   Thumb Code   100  mysystem.o(.text)
    set_flag                                 0x08009d89   Thumb Code    32  mysystem.o(.text)
    strstr                                   0x08009db1   Thumb Code    36  strstr.o(.text)
    __aeabi_memclr4                          0x08009dd5   Thumb Code     0  rt_memclr_w.o(.text)
    __aeabi_memclr8                          0x08009dd5   Thumb Code     0  rt_memclr_w.o(.text)
    __rt_memclr_w                            0x08009dd5   Thumb Code    78  rt_memclr_w.o(.text)
    _memset_w                                0x08009dd9   Thumb Code     0  rt_memclr_w.o(.text)
    __use_two_region_memory                  0x08009e23   Thumb Code     2  heapauxi.o(.text)
    __rt_heap_escrow$2region                 0x08009e25   Thumb Code     2  heapauxi.o(.text)
    __rt_heap_expand$2region                 0x08009e27   Thumb Code     2  heapauxi.o(.text)
    __user_setup_stackheap                   0x08009e29   Thumb Code    74  sys_stackheap_outer.o(.text)
    exit                                     0x08009e73   Thumb Code    12  exit.o(.text)
    __user_libspace                          0x08009e81   Thumb Code     8  libspace.o(.text)
    __user_perproc_libspace                  0x08009e81   Thumb Code     0  libspace.o(.text)
    __user_perthread_libspace                0x08009e81   Thumb Code     0  libspace.o(.text)
    _sys_exit                                0x08009e89   Thumb Code     8  sys_exit.o(.text)
    __I$use$semihosting                      0x08009e95   Thumb Code     0  use_no_semi.o(.text)
    __use_no_semihosting_swi                 0x08009e95   Thumb Code     2  use_no_semi.o(.text)
    __semihosting_library_function           0x08009e97   Thumb Code     0  indicate_semi.o(.text)
    asc2_1206                                0x0800a356   Data        1140  lcddrv.o(.constdata)
    asc2_1608                                0x0800a7ca   Data        1520  lcddrv.o(.constdata)
    Region$$Table$$Base                      0x0800adbc   Number         0  anon$$obj.o(Region$$Table)
    Region$$Table$$Limit                     0x0800addc   Number         0  anon$$obj.o(Region$$Table)
    TimCount                                 0x20000000   Data           4  main.o(.data)
    Page                                     0x20000004   Data           1  main.o(.data)
    capture2                                 0x20000008   Data           4  stm32f10x_it.o(.data)
    capture3                                 0x2000000c   Data           4  stm32f10x_it.o(.data)
    capture4                                 0x20000010   Data           4  stm32f10x_it.o(.data)
    CCR2_Val                                 0x20000014   Data           4  stm32f10x_it.o(.data)
    tempFloat                                0x20000018   Data           4  stm32f10x_it.o(.data)
    tempInt                                  0x2000001c   Data           4  stm32f10x_it.o(.data)
    Status                                   0x20000044   Data           1  sd_card.o(.data)
    res                                      0x20000058   Data           1  sd_card.o(.data)
    br                                       0x2000005c   Data           4  sd_card.o(.data)
    bw                                       0x20000060   Data           4  sd_card.o(.data)
    SrcBuffer                                0x20000080   Data           4  sdio_sdcard.o(.data)
    DestBuffer                               0x20000084   Data           4  sdio_sdcard.o(.data)
    TransferError                            0x20000088   Data           1  sdio_sdcard.o(.data)
    TransferEnd                              0x2000008c   Data           4  sdio_sdcard.o(.data)
    NumberOfBytes                            0x20000090   Data           4  sdio_sdcard.o(.data)
    ADC_ConvertedValue                       0x20000094   Data           2  ad.o(.data)
    HDP                                      0x200000ac   Data           4  lcddrv.o(.data)
    HT                                       0x200000b0   Data           4  lcddrv.o(.data)
    HPS                                      0x200000b4   Data           4  lcddrv.o(.data)
    LPS                                      0x200000b8   Data           4  lcddrv.o(.data)
    HPW                                      0x200000bc   Data           1  lcddrv.o(.data)
    VDP                                      0x200000c0   Data           4  lcddrv.o(.data)
    VT                                       0x200000c4   Data           4  lcddrv.o(.data)
    VPS                                      0x200000c8   Data           4  lcddrv.o(.data)
    FPS                                      0x200000cc   Data           4  lcddrv.o(.data)
    VPW                                      0x200000d0   Data           1  lcddrv.o(.data)
    POINT_COLOR                              0x200000d2   Data           2  lcddrv.o(.data)
    SystemCoreClock                          0x200000d4   Data           4  system_stm32f10x.o(.data)
    AHBPrescTable                            0x200000d8   Data          16  system_stm32f10x.o(.data)
    Val_Level                                0x200000e8   Data           4  mysystem.o(.data)
    Channel                                  0x200000ec   Data           4  mysystem.o(.data)
    Function                                 0x200000f0   Data           4  mysystem.o(.data)
    TP_P                                     0x200000f4   Data          20  gt9147.o(.bss)
    TIM3_TimeBaseStructure                   0x20000108   Data          10  tim.o(.bss)
    TIM3_BDTRInitStructure                   0x20000112   Data          14  tim.o(.bss)
    TIM2_TimeBaseStructure                   0x20000120   Data          10  tim.o(.bss)
    TIM2_BDTRInitStructure                   0x2000012a   Data          14  tim.o(.bss)
    TIM4_TimeBaseStructure                   0x20000138   Data          10  tim.o(.bss)
    TIM4_BDTRInitStructure                   0x20000142   Data          14  tim.o(.bss)
    TIM4_OCInitStructure                     0x20000150   Data          16  tim.o(.bss)
    SDCardInfo                               0x20000160   Data          80  sd_card.o(.bss)
    Buffer_Block_Tx                          0x200001b0   Data        2048  sd_card.o(.bss)
    Buffer_Block_Rx                          0x200009b0   Data        2048  sd_card.o(.bss)
    fs                                       0x200011b0   Data         560  sd_card.o(.bss)
    fsrc                                     0x200013e0   Data         548  sd_card.o(.bss)
    fdst                                     0x20001604   Data         548  sd_card.o(.bss)
    jdec                                     0x20001828   Data         124  sd_card.o(.bss)
    buffer                                   0x200018a4   Data        8192  sd_card.o(.bss)
    SDIO_InitStructure                       0x200038c4   Data          24  sdio_sdcard.o(.bss)
    SDIO_CmdInitStructure                    0x200038dc   Data          20  sdio_sdcard.o(.bss)
    SDIO_DataInitStructure                   0x200038f0   Data          24  sdio_sdcard.o(.bss)
    Num_Pulse                                0x20003908   Data          32  mysystem.o(.bss)
    Frequency                                0x20003928   Data          32  mysystem.o(.bss)
    __libspace_start                         0x20003948   Data          96  libspace.o(.bss)
    __temporary_stack_top$libspace           0x200039a8   Data           0  libspace.o(.bss)



==============================================================================

Memory Map of the image

  Image Entry point : 0x08000131

  Load Region LR_IROM1 (Base: 0x08000000, Size: 0x0000aed0, Max: 0x00080000, ABSOLUTE)

    Execution Region ER_IROM1 (Base: 0x08000000, Size: 0x0000addc, Max: 0x00080000, ABSOLUTE)

    Base Addr    Size         Type   Attr      Idx    E Section Name        Object

    0x08000000   0x00000130   Data   RO            3    RESET               startup_stm32f10x_hd.o
    0x08000130   0x00000008   Code   RO          503  * !!!main             c_w.l(__main.o)
    0x08000138   0x00000034   Code   RO          659    !!!scatter          c_w.l(__scatter.o)
    0x0800016c   0x0000001a   Code   RO          661    !!handler_copy      c_w.l(__scatter_copy.o)
    0x08000186   0x00000002   PAD
    0x08000188   0x0000001c   Code   RO          663    !!handler_zi        c_w.l(__scatter_zi.o)
    0x080001a4   0x00000002   Code   RO          530    .ARM.Collect$$libinit$$00000000  c_w.l(libinit.o)
    0x080001a6   0x00000000   Code   RO          537    .ARM.Collect$$libinit$$00000002  c_w.l(libinit2.o)
    0x080001a6   0x00000000   Code   RO          539    .ARM.Collect$$libinit$$00000004  c_w.l(libinit2.o)
    0x080001a6   0x00000000   Code   RO          542    .ARM.Collect$$libinit$$0000000A  c_w.l(libinit2.o)
    0x080001a6   0x00000000   Code   RO          544    .ARM.Collect$$libinit$$0000000C  c_w.l(libinit2.o)
    0x080001a6   0x00000000   Code   RO          546    .ARM.Collect$$libinit$$0000000E  c_w.l(libinit2.o)
    0x080001a6   0x00000000   Code   RO          549    .ARM.Collect$$libinit$$00000011  c_w.l(libinit2.o)
    0x080001a6   0x00000000   Code   RO          551    .ARM.Collect$$libinit$$00000013  c_w.l(libinit2.o)
    0x080001a6   0x00000000   Code   RO          553    .ARM.Collect$$libinit$$00000015  c_w.l(libinit2.o)
    0x080001a6   0x00000000   Code   RO          555    .ARM.Collect$$libinit$$00000017  c_w.l(libinit2.o)
    0x080001a6   0x00000000   Code   RO          557    .ARM.Collect$$libinit$$00000019  c_w.l(libinit2.o)
    0x080001a6   0x00000000   Code   RO          559    .ARM.Collect$$libinit$$0000001B  c_w.l(libinit2.o)
    0x080001a6   0x00000000   Code   RO          561    .ARM.Collect$$libinit$$0000001D  c_w.l(libinit2.o)
    0x080001a6   0x00000000   Code   RO          563    .ARM.Collect$$libinit$$0000001F  c_w.l(libinit2.o)
    0x080001a6   0x00000000   Code   RO          565    .ARM.Collect$$libinit$$00000021  c_w.l(libinit2.o)
    0x080001a6   0x00000000   Code   RO          567    .ARM.Collect$$libinit$$00000023  c_w.l(libinit2.o)
    0x080001a6   0x00000000   Code   RO          569    .ARM.Collect$$libinit$$00000025  c_w.l(libinit2.o)
    0x080001a6   0x00000000   Code   RO          573    .ARM.Collect$$libinit$$0000002C  c_w.l(libinit2.o)
    0x080001a6   0x00000000   Code   RO          575    .ARM.Collect$$libinit$$0000002E  c_w.l(libinit2.o)
    0x080001a6   0x00000000   Code   RO          577    .ARM.Collect$$libinit$$00000030  c_w.l(libinit2.o)
    0x080001a6   0x00000000   Code   RO          579    .ARM.Collect$$libinit$$00000032  c_w.l(libinit2.o)
    0x080001a6   0x00000002   Code   RO          580    .ARM.Collect$$libinit$$00000033  c_w.l(libinit2.o)
    0x080001a8   0x00000002   Code   RO          600    .ARM.Collect$$libshutdown$$00000000  c_w.l(libshutdown.o)
    0x080001aa   0x00000000   Code   RO          614    .ARM.Collect$$libshutdown$$00000003  c_w.l(libshutdown2.o)
    0x080001aa   0x00000000   Code   RO          617    .ARM.Collect$$libshutdown$$00000006  c_w.l(libshutdown2.o)
    0x080001aa   0x00000000   Code   RO          620    .ARM.Collect$$libshutdown$$00000009  c_w.l(libshutdown2.o)
    0x080001aa   0x00000000   Code   RO          622    .ARM.Collect$$libshutdown$$0000000B  c_w.l(libshutdown2.o)
    0x080001aa   0x00000000   Code   RO          625    .ARM.Collect$$libshutdown$$0000000E  c_w.l(libshutdown2.o)
    0x080001aa   0x00000002   Code   RO          626    .ARM.Collect$$libshutdown$$0000000F  c_w.l(libshutdown2.o)
    0x080001ac   0x00000000   Code   RO          505    .ARM.Collect$$rtentry$$00000000  c_w.l(__rtentry.o)
    0x080001ac   0x00000000   Code   RO          507    .ARM.Collect$$rtentry$$00000002  c_w.l(__rtentry2.o)
    0x080001ac   0x00000006   Code   RO          519    .ARM.Collect$$rtentry$$00000004  c_w.l(__rtentry4.o)
    0x080001b2   0x00000000   Code   RO          509    .ARM.Collect$$rtentry$$00000009  c_w.l(__rtentry2.o)
    0x080001b2   0x00000004   Code   RO          510    .ARM.Collect$$rtentry$$0000000A  c_w.l(__rtentry2.o)
    0x080001b6   0x00000000   Code   RO          512    .ARM.Collect$$rtentry$$0000000C  c_w.l(__rtentry2.o)
    0x080001b6   0x00000008   Code   RO          513    .ARM.Collect$$rtentry$$0000000D  c_w.l(__rtentry2.o)
    0x080001be   0x00000002   Code   RO          534    .ARM.Collect$$rtexit$$00000000  c_w.l(rtexit.o)
    0x080001c0   0x00000000   Code   RO          582    .ARM.Collect$$rtexit$$00000002  c_w.l(rtexit2.o)
    0x080001c0   0x00000004   Code   RO          583    .ARM.Collect$$rtexit$$00000003  c_w.l(rtexit2.o)
    0x080001c4   0x00000006   Code   RO          584    .ARM.Collect$$rtexit$$00000004  c_w.l(rtexit2.o)
    0x080001ca   0x00000002   PAD
    0x080001cc   0x00000040   Code   RO            4    .text               startup_stm32f10x_hd.o
    0x0800020c   0x00000370   Code   RO           10    .text               main.o
    0x0800057c   0x000001cc   Code   RO           97    .text               gt9147.o
    0x08000748   0x000001f4   Code   RO          122    .text               gti2c.o
    0x0800093c   0x00000506   Code   RO          134    .text               stm32f10x_it.o
    0x08000e42   0x00000002   PAD
    0x08000e44   0x00000e1a   Code   RO          151    .text               stm32f10x_tim.o
    0x08001c5e   0x00000002   PAD
    0x08001c60   0x000000d8   Code   RO          163    .text               tim.o
    0x08001d38   0x00000414   Code   RO          178    .text               sd_card.o
    0x0800214c   0x00000056   Code   RO          219    .text               diskio.o
    0x080021a2   0x00000002   PAD
    0x080021a4   0x00001d18   Code   RO          231    .text               ff.o
    0x08003ebc   0x00000fe2   Code   RO          248    .text               tjpgd.o
    0x08004e9e   0x00000002   PAD
    0x08004ea0   0x000022b4   Code   RO          262    .text               sdio_sdcard.o
    0x08007154   0x00000254   Code   RO          285    .text               stm32f10x_dma.o
    0x080073a8   0x000001d4   Code   RO          297    .text               stm32f10x_sdio.o
    0x0800757c   0x00000270   Code   RO          309    .text               mcp.o
    0x080077ec   0x00000100   Code   RO          321    .text               ad.o
    0x080078ec   0x0000060c   Code   RO          336    .text               stm32f10x_fsmc.o
    0x08007ef8   0x0000035c   Code   RO          348    .text               stm32f10x_gpio.o
    0x08008254   0x000003a4   Code   RO          360    .text               stm32f10x_rcc.o
    0x080085f8   0x000000dc   Code   RO          374    .text               misc.o
    0x080086d4   0x0000044e   Code   RO          386    .text               stm32f10x_adc.o
    0x08008b22   0x00000002   PAD
    0x08008b24   0x000000f8   Code   RO          398    .text               fsmc_sram.o
    0x08008c1c   0x000004e8   Code   RO          413    .text               lcddrv.o
    0x08009104   0x000001e0   Code   RO          445    .text               system_stm32f10x.o
    0x080092e4   0x00000acc   Code   RO          473    .text               mysystem.o
    0x08009db0   0x00000024   Code   RO          497    .text               c_w.l(strstr.o)
    0x08009dd4   0x0000004e   Code   RO          499    .text               c_w.l(rt_memclr_w.o)
    0x08009e22   0x00000006   Code   RO          501    .text               c_w.l(heapauxi.o)
    0x08009e28   0x0000004a   Code   RO          521    .text               c_w.l(sys_stackheap_outer.o)
    0x08009e72   0x0000000c   Code   RO          523    .text               c_w.l(exit.o)
    0x08009e7e   0x00000002   PAD
    0x08009e80   0x00000008   Code   RO          531    .text               c_w.l(libspace.o)
    0x08009e88   0x0000000c   Code   RO          592    .text               c_w.l(sys_exit.o)
    0x08009e94   0x00000002   Code   RO          603    .text               c_w.l(use_no_semi.o)
    0x08009e96   0x00000000   Code   RO          605    .text               c_w.l(indicate_semi.o)
    0x08009e96   0x000004c0   Data   RO          249    .constdata          tjpgd.o
    0x0800a356   0x00000a64   Data   RO          414    .constdata          lcddrv.o
    0x0800adba   0x00000002   PAD
    0x0800adbc   0x00000020   Data   RO          657    Region$$Table       anon$$obj.o


    Execution Region RW_IRAM1 (Base: 0x20000000, Size: 0x00003fa8, Max: 0x00010000, ABSOLUTE)

    Base Addr    Size         Type   Attr      Idx    E Section Name        Object

    0x20000000   0x00000005   Data   RW           11    .data               main.o
    0x20000005   0x00000003   PAD
    0x20000008   0x0000003c   Data   RW          136    .data               stm32f10x_it.o
    0x20000044   0x00000020   Data   RW          180    .data               sd_card.o
    0x20000064   0x00000006   Data   RW          232    .data               ff.o
    0x2000006a   0x00000002   PAD
    0x2000006c   0x00000028   Data   RW          264    .data               sdio_sdcard.o
    0x20000094   0x00000002   Data   RW          322    .data               ad.o
    0x20000096   0x00000014   Data   RW          361    .data               stm32f10x_rcc.o
    0x200000aa   0x00000002   PAD
    0x200000ac   0x00000028   Data   RW          415    .data               lcddrv.o
    0x200000d4   0x00000014   Data   RW          446    .data               system_stm32f10x.o
    0x200000e8   0x0000000c   Data   RW          475    .data               mysystem.o
    0x200000f4   0x00000014   Zero   RW           98    .bss                gt9147.o
    0x20000108   0x00000058   Zero   RW          164    .bss                tim.o
    0x20000160   0x00003744   Zero   RW          179    .bss                sd_card.o
    0x200038a4   0x00000064   Zero   RW          263    .bss                sdio_sdcard.o
    0x20003908   0x00000040   Zero   RW          474    .bss                mysystem.o
    0x20003948   0x00000060   Zero   RW          532    .bss                c_w.l(libspace.o)
    0x200039a8   0x00000200   Zero   RW            2    HEAP                startup_stm32f10x_hd.o
    0x20003ba8   0x00000400   Zero   RW            1    STACK               startup_stm32f10x_hd.o


==============================================================================

Image component sizes


      Code (inc. data)   RO Data    RW Data    ZI Data      Debug   Object Name

       256         18          0          2          0        877   ad.o
        86          0          0          0          0       1958   diskio.o
      7448         42          0          6          0      23044   ff.o
       248         10          0          0          0        660   fsmc_sram.o
       460         16          0          0         20       2524   gt9147.o
       500          6          0          0          0       1941   gti2c.o
      1256         66       2660         40          0       5237   lcddrv.o
       880         44          0          5          0     265151   main.o
       624          4          0          0          0       2977   mcp.o
       220         22          0          0          0       1677   misc.o
      2764        132          0         12         64       4011   mysystem.o
      1044        108          0         32      14148      24590   sd_card.o
      8884        378          0         40        100      30459   sdio_sdcard.o
        64         26        304          0       1536        804   startup_stm32f10x_hd.o
      1102         26          0          0          0      10709   stm32f10x_adc.o
       596          8          0          0          0       4206   stm32f10x_dma.o
      1548         18          0          0          0       5227   stm32f10x_fsmc.o
       860         38          0          0          0       5525   stm32f10x_gpio.o
      1286         76          0         60          0       9051   stm32f10x_it.o
       932         36          0         20          0       8656   stm32f10x_rcc.o
       468         22          0          0          0       6968   stm32f10x_sdio.o
      3610         88          0          0          0      21988   stm32f10x_tim.o
       480         38          0         20          0       1671   system_stm32f10x.o
       216         24          0          0         88       1113   tim.o
      4066         48       1216          0          0      10571   tjpgd.o

    ----------------------------------------------------------------------
     39908       1294       4214        244      15956     451595   Object Totals
         0          0         32          0          0          0   (incl. Generated)
        10          0          2          7          0          0   (incl. Padding)

    ----------------------------------------------------------------------

      Code (inc. data)   RO Data    RW Data    ZI Data      Debug   Library Member Name

         8          0          0          0          0         68   __main.o
         0          0          0          0          0          0   __rtentry.o
        12          0          0          0          0          0   __rtentry2.o
         6          0          0          0          0          0   __rtentry4.o
        52          8          0          0          0          0   __scatter.o
        26          0          0          0          0          0   __scatter_copy.o
        28          0          0          0          0          0   __scatter_zi.o
        12          0          0          0          0         72   exit.o
         6          0          0          0          0        152   heapauxi.o
         0          0          0          0          0          0   indicate_semi.o
         2          0          0          0          0          0   libinit.o
         2          0          0          0          0          0   libinit2.o
         2          0          0          0          0          0   libshutdown.o
         2          0          0          0          0          0   libshutdown2.o
         8          4          0          0         96         68   libspace.o
        78          0          0          0          0         80   rt_memclr_w.o
         2          0          0          0          0          0   rtexit.o
        10          0          0          0          0          0   rtexit2.o
        36          0          0          0          0         80   strstr.o
        12          4          0          0          0         68   sys_exit.o
        74          0          0          0          0         80   sys_stackheap_outer.o
         2          0          0          0          0         68   use_no_semi.o

    ----------------------------------------------------------------------
       386         16          0          0         96        736   Library Totals
         6          0          0          0          0          0   (incl. Padding)

    ----------------------------------------------------------------------

      Code (inc. data)   RO Data    RW Data    ZI Data      Debug   Library Name

       380         16          0          0         96        736   c_w.l

    ----------------------------------------------------------------------
       386         16          0          0         96        736   Library Totals

    ----------------------------------------------------------------------

==============================================================================


      Code (inc. data)   RO Data    RW Data    ZI Data      Debug   

     40294       1310       4214        244      16052     449623   Grand Totals
     40294       1310       4214        244      16052     449623   ELF Image Totals
     40294       1310       4214        244          0          0   ROM Totals

==============================================================================

    Total RO  Size (Code + RO Data)                44508 (  43.46kB)
    Total RW  Size (RW Data + ZI Data)             16296 (  15.91kB)
    Total ROM Size (Code + RO Data + RW Data)      44752 (  43.70kB)

==============================================================================

